test_changed_artifact_bytes_are_rejected (test_evidence.EvidenceTests.test_changed_artifact_bytes_are_rejected) ... ok
test_changed_report_bytes_are_rejected_before_source_lookup (test_evidence.EvidenceTests.test_changed_report_bytes_are_rejected_before_source_lookup) ... ok
test_report_checkout_rejects_wrong_pin_and_dirty_sources (test_evidence.EvidenceTests.test_report_checkout_rejects_wrong_pin_and_dirty_sources) ... ok
test_symlink_and_empty_bundle_are_rejected (test_evidence.EvidenceTests.test_symlink_and_empty_bundle_are_rejected) ... ok
test_tampered_bundle_does_not_execute_either_binary_or_retain_receipt (test_evidence.EvidenceTests.test_tampered_bundle_does_not_execute_either_binary_or_retain_receipt) ... ok
test_missing_macro_exports_are_rejected (test_hol4_inspection.Hol4InspectionTests.test_missing_macro_exports_are_rejected) ... ok
test_missing_report_witness_exports_are_rejected (test_hol4_inspection.Hol4InspectionTests.test_missing_report_witness_exports_are_rejected) ... ok
test_nonexistent_release_theorem_is_rejected (test_hol4_inspection.Hol4InspectionTests.test_nonexistent_release_theorem_is_rejected) ... ok
test_open_release_theorem_is_rejected (test_hol4_inspection.Hol4InspectionTests.test_open_release_theorem_is_rejected) ... ok
test_commandline_macros_are_audited (test_macro_frontend.MacroFrontendTests.test_commandline_macros_are_audited) ... ok
test_literals_and_nested_comments_keep_their_meaning (test_macro_frontend.MacroFrontendTests.test_literals_and_nested_comments_keep_their_meaning) ... ok
test_polyml_universal_runtime_is_rejected (test_macro_frontend.MacroFrontendTests.test_polyml_universal_runtime_is_rejected) ... ok
test_portable_identifiers_are_not_false_positives (test_macro_frontend.MacroFrontendTests.test_portable_identifiers_are_not_false_positives) ... ok
test_raw_polyml_runtime_is_rejected (test_macro_frontend.MacroFrontendTests.test_raw_polyml_runtime_is_rejected) ... ok
test_raw_thread_runtime_is_rejected (test_macro_frontend.MacroFrontendTests.test_raw_thread_runtime_is_rejected) ... ok
test_string_gap_keeps_literal_and_next_operation_separate (test_macro_frontend.MacroFrontendTests.test_string_gap_keeps_literal_and_next_operation_separate) ... ok
test_unterminated_comment_and_string_fail_closed (test_macro_frontend.MacroFrontendTests.test_unterminated_comment_and_string_fail_closed) ... ok
test_existing_progress_is_preserved (test_tactictoe_cache.CacheConfinementTests.test_existing_progress_is_preserved) ... ok
test_links_are_rejected (test_tactictoe_cache.CacheConfinementTests.test_links_are_rejected) ... ok
test_parent_escape_is_rejected (test_tactictoe_cache.CacheConfinementTests.test_parent_escape_is_rejected) ... ok

----------------------------------------------------------------------
Ran 20 tests in 4.973s

OK
