<<HOL message: Created theory "ast">>
Saved theorem _______ "datatype_lit"
Saved theorem _______ "lit_11"
Saved theorem _______ "lit_distinct"
Saved theorem _______ "lit_nchotomy"
Saved theorem _______ "lit_Axiom"
Saved theorem _______ "lit_induction"
Saved theorem _______ "lit_case_cong"
Saved theorem _______ "lit_case_eq"
<<HOL message: Defined type: "lit">>
Saved theorem _______ "num2shift_shift2num"
Saved theorem _______ "shift2num_num2shift"
Saved theorem _______ "num2shift_11"
Saved theorem _______ "shift2num_11"
Saved theorem _______ "num2shift_ONTO"
Saved theorem _______ "shift2num_ONTO"
Saved theorem _______ "num2shift_thm"
Saved theorem _______ "shift2num_thm"
Saved theorem _______ "shift_EQ_shift"
Saved theorem _______ "shift_case_def"
Saved theorem _______ "datatype_shift"
Saved theorem _______ "shift_distinct"
Saved theorem _______ "shift_nchotomy"
Saved theorem _______ "shift_Axiom"
Saved theorem _______ "shift_induction"
Saved theorem _______ "shift_case_cong"
Saved theorem _______ "shift_case_eq"
<<HOL message: Defined type: "shift">>
Saved theorem _______ "num2arith_arith2num"
Saved theorem _______ "arith2num_num2arith"
Saved theorem _______ "num2arith_11"
Saved theorem _______ "arith2num_11"
Saved theorem _______ "num2arith_ONTO"
Saved theorem _______ "arith2num_ONTO"
Saved theorem _______ "num2arith_thm"
Saved theorem _______ "arith2num_thm"
Saved theorem _______ "arith_EQ_arith"
Saved theorem _______ "arith_case_def"
Saved theorem _______ "datatype_arith"
Saved theorem _______ "arith_distinct"
Saved theorem _______ "arith_nchotomy"
Saved theorem _______ "arith_Axiom"
Saved theorem _______ "arith_induction"
Saved theorem _______ "arith_case_cong"
Saved theorem _______ "arith_case_eq"
<<HOL message: Defined type: "arith">>
Saved theorem _______ "num2word_size_word_size2num"
Saved theorem _______ "word_size2num_num2word_size"
Saved theorem _______ "num2word_size_11"
Saved theorem _______ "word_size2num_11"
Saved theorem _______ "num2word_size_ONTO"
Saved theorem _______ "word_size2num_ONTO"
Saved theorem _______ "num2word_size_thm"
Saved theorem _______ "word_size2num_thm"
Saved theorem _______ "word_size_EQ_word_size"
Saved theorem _______ "word_size_case_def"
Saved theorem _______ "datatype_word_size"
Saved theorem _______ "word_size_distinct"
Saved theorem _______ "word_size_nchotomy"
Saved theorem _______ "word_size_Axiom"
Saved theorem _______ "word_size_induction"
Saved theorem _______ "word_size_case_cong"
Saved theorem _______ "word_size_case_eq"
<<HOL message: Defined type: "word_size">>
Saved theorem _______ "num2thunk_mode_thunk_mode2num"
Saved theorem _______ "thunk_mode2num_num2thunk_mode"
Saved theorem _______ "num2thunk_mode_11"
Saved theorem _______ "thunk_mode2num_11"
Saved theorem _______ "num2thunk_mode_ONTO"
Saved theorem _______ "thunk_mode2num_ONTO"
Saved theorem _______ "num2thunk_mode_thm"
Saved theorem _______ "thunk_mode2num_thm"
Saved theorem _______ "thunk_mode_EQ_thunk_mode"
Saved theorem _______ "thunk_mode_case_def"
Saved theorem _______ "datatype_thunk_mode"
Saved theorem _______ "thunk_mode_distinct"
Saved theorem _______ "thunk_mode_nchotomy"
Saved theorem _______ "thunk_mode_Axiom"
Saved theorem _______ "thunk_mode_induction"
Saved theorem _______ "thunk_mode_case_cong"
Saved theorem _______ "thunk_mode_case_eq"
<<HOL message: Defined type: "thunk_mode">>
Saved theorem _______ "datatype_thunk_op"
Saved theorem _______ "thunk_op_11"
Saved theorem _______ "thunk_op_distinct"
Saved theorem _______ "thunk_op_nchotomy"
Saved theorem _______ "thunk_op_Axiom"
Saved theorem _______ "thunk_op_induction"
Saved theorem _______ "thunk_op_case_cong"
Saved theorem _______ "thunk_op_case_eq"
<<HOL message: Defined type: "thunk_op">>
Saved theorem _______ "num2opb_opb2num"
Saved theorem _______ "opb2num_num2opb"
Saved theorem _______ "num2opb_11"
Saved theorem _______ "opb2num_11"
Saved theorem _______ "num2opb_ONTO"
Saved theorem _______ "opb2num_ONTO"
Saved theorem _______ "num2opb_thm"
Saved theorem _______ "opb2num_thm"
Saved theorem _______ "opb_EQ_opb"
Saved theorem _______ "opb_case_def"
Saved theorem _______ "datatype_opb"
Saved theorem _______ "opb_distinct"
Saved theorem _______ "opb_nchotomy"
Saved theorem _______ "opb_Axiom"
Saved theorem _______ "opb_induction"
Saved theorem _______ "opb_case_cong"
Saved theorem _______ "opb_case_eq"
<<HOL message: Defined type: "opb">>
Saved theorem _______ "datatype_test"
Saved theorem _______ "test_11"
Saved theorem _______ "test_distinct"
Saved theorem _______ "test_nchotomy"
Saved theorem _______ "test_Axiom"
Saved theorem _______ "test_induction"
Saved theorem _______ "test_case_cong"
Saved theorem _______ "test_case_eq"
<<HOL message: Defined type: "test">>
Saved theorem _______ "datatype_prim_type"
Saved theorem _______ "prim_type_11"
Saved theorem _______ "prim_type_distinct"
Saved theorem _______ "prim_type_nchotomy"
Saved theorem _______ "prim_type_Axiom"
Saved theorem _______ "prim_type_induction"
Saved theorem _______ "prim_type_case_cong"
Saved theorem _______ "prim_type_case_eq"
<<HOL message: Defined type: "prim_type">>
Saved theorem _______ "datatype_op"
Saved theorem _______ "op_11"
Saved theorem _______ "op_distinct"
Saved theorem _______ "op_nchotomy"
Saved theorem _______ "op_Axiom"
Saved theorem _______ "op_induction"
Saved theorem _______ "op_case_cong"
Saved theorem _______ "op_case_eq"
<<HOL message: Defined type: "op">>
Saved theorem _______ "num2op_class_op_class2num"
Saved theorem _______ "op_class2num_num2op_class"
Saved theorem _______ "num2op_class_11"
Saved theorem _______ "op_class2num_11"
Saved theorem _______ "num2op_class_ONTO"
Saved theorem _______ "op_class2num_ONTO"
Saved theorem _______ "num2op_class_thm"
Saved theorem _______ "op_class2num_thm"
Saved theorem _______ "op_class_EQ_op_class"
Saved theorem _______ "op_class_case_def"
Saved theorem _______ "datatype_op_class"
Saved theorem _______ "op_class_distinct"
Saved theorem _______ "op_class_nchotomy"
Saved theorem _______ "op_class_Axiom"
Saved theorem _______ "op_class_induction"
Saved theorem _______ "op_class_case_cong"
Saved theorem _______ "op_class_case_eq"
<<HOL message: Defined type: "op_class">>
<<HOL message: mk_functional: 
  pattern completion has added 39 clauses to the original specification.>>
Saved definition ____ "getOpClass_def"
Saved theorem _______ "datatype_ast_t"
Saved theorem _______ "ast_t_11"
Saved theorem _______ "ast_t_distinct"
Saved theorem _______ "ast_t_nchotomy"
Saved theorem _______ "ast_t_Axiom"
Saved theorem _______ "ast_t_induction"
Saved theorem _______ "ast_t_case_cong"
Saved theorem _______ "ast_t_case_eq"
<<HOL message: Defined type: "ast_t">>
Saved theorem _______ "datatype_pat"
Saved theorem _______ "pat_11"
Saved theorem _______ "pat_distinct"
Saved theorem _______ "pat_nchotomy"
Saved theorem _______ "pat_Axiom"
Saved theorem _______ "pat_induction"
Saved theorem _______ "pat_case_cong"
Saved theorem _______ "pat_case_eq"
<<HOL message: Defined type: "pat">>
Saved theorem _______ "num2lop_lop2num"
Saved theorem _______ "lop2num_num2lop"
Saved theorem _______ "num2lop_11"
Saved theorem _______ "lop2num_11"
Saved theorem _______ "num2lop_ONTO"
Saved theorem _______ "lop2num_ONTO"
Saved theorem _______ "num2lop_thm"
Saved theorem _______ "lop2num_thm"
Saved theorem _______ "lop_EQ_lop"
Saved theorem _______ "lop_case_def"
Saved theorem _______ "datatype_lop"
Saved theorem _______ "lop_distinct"
Saved theorem _______ "lop_nchotomy"
Saved theorem _______ "lop_Axiom"
Saved theorem _______ "lop_induction"
Saved theorem _______ "lop_case_cong"
Saved theorem _______ "lop_case_eq"
<<HOL message: Defined type: "lop">>
Saved theorem _______ "datatype_exp"
Saved theorem _______ "exp_11"
Saved theorem _______ "exp_distinct"
Saved theorem _______ "exp_nchotomy"
Saved theorem _______ "exp_Axiom"
Saved theorem _______ "exp_induction"
Saved theorem _______ "exp_case_cong"
Saved theorem _______ "exp_case_eq"
<<HOL message: Defined type: "exp">>
Saved theorem _______ "datatype_dec"
Saved theorem _______ "dec_11"
Saved theorem _______ "dec_distinct"
Saved theorem _______ "dec_nchotomy"
Saved theorem _______ "dec_Axiom"
Saved theorem _______ "dec_induction"
Saved theorem _______ "dec_case_cong"
Saved theorem _______ "dec_case_eq"
<<HOL message: Defined type: "dec">>
<<HOL warning: Context.snapshot: ambient context read while a proof was running (in ast)>>
Saved definition ____ "pat_bindings_def"
Saved induction _____ "pat_bindings_ind"
Saved definition ____ "every_exp_def"
Saved induction _____ "every_exp_ind"
Saved definition ____ "Seqs_def"
Saved definition ____ "Apps_def"
Saved definition ____ "Funs_def"
Exporting theory "ast" ... done.
Theory "ast" took 3.1s to build
