Holmake: Scanning $(HOLDIR)/src/TeX
Holmake: Scanning $(HOLDIR)/src/bag
Holmake: Scanning $(HOLDIR)/src/sort
Holmake: Scanning $(HOLDIR)/src/string
Holmake: Scanning $(HOLDIR)/src/n-bit
Holmake: Scanning $(HOLDIR)/src/res_quan/src
Holmake: Scanning $(HOLDIR)/src/finite_maps
Holmake: Scanning $(HOLDIR)/examples/formal-languages/context-free
Holmake: Scanning $(CAKEMLDIR)/developers
Holmake: Scanning $(HOLDIR)/examples/machine-code/hoare-triple
Holmake: Scanning $(HOLDIR)/src/transfer
Holmake: Scanning $(HOLDIR)/src/pred_set/src/more_theories
Holmake: Scanning $(HOLDIR)/src/coalgebras
Holmake: Scanning $(HOLDIR)/examples/pl-semantics/lprefix_lub
Holmake: Scanning $(CAKEMLDIR)/misc
Holmake: Scanning $(HOLDIR)/src/integer
Holmake: Scanning $(HOLDIR)/src/algebra/base
Holmake: Scanning $(HOLDIR)/src/algebra/construction
Holmake: Scanning $(HOLDIR)/src/algebra
Holmake: Scanning $(HOLDIR)/src/hol88
Holmake: Scanning $(HOLDIR)/src/rational
Holmake: Scanning $(HOLDIR)/src/real
Holmake: Scanning $(HOLDIR)/examples/data-structures/balanced_bst
Holmake: Scanning $(HOLDIR)/examples/formal-languages
Holmake: Scanning $(HOLDIR)/src/search
Holmake: Scanning $(HOLDIR)/examples/formal-languages/regular
Holmake: Scanning $(CAKEMLDIR)/basis/pure
Holmake: Scanning $(CAKEMLDIR)/semantics/ffi
Holmake: Scanning $(CAKEMLDIR)/semantics
Holmake: Scanned 30 directories
Holmake: Building 1 theory file
Holmake: Linking /workspace/scratch/7755a98cf62b/cakeml-compat/semantics/proofs/semanticPrimitivesPropsScript.uo to produce theory-builder executable
<<HOL message: Created theory "semanticPrimitivesProps">>
Saved theorem _______ "with_same_v"
Saved theorem _______ "unchanged_env"
Saved theorem _______ "with_same_clock"
Saved theorem _______ "Boolv_11"
Saved theorem _______ "extend_dec_env_assoc"
Saved definition ____ "shift_lookup_def"
<<HOL message: mk_functional: 
  pattern completion has added 5 clauses to the original specification.>>
Saved definition ____ "do_shift_def"
Saved induction _____ "do_shift_ind"
Saved theorem _______ "lit_same_type_refl"
Saved theorem _______ "lit_same_type_sym"
<<HOL warning: Context.snapshot: ambient context read while a proof was running (in semanticPrimitivesProps)>>
Saved theorem _______ "pat_bindings_accum"
Saved theorem _______ "pmatch_append"
Saved theorem _______ "pmatch_extend"
Saved theorem _______ "pmatch_nsAppend"
Saved theorem _______ "pmatch_nsAppend_No_match"
Saved theorem _______ "pmatch_nsAppend_Match"
Saved theorem _______ "pmatch_acc"
Proved triviality ___ "pair_case_eq"
Proved triviality ___ "pair_lam_lem"
Saved theorem _______ "do_app_cases"
Saved theorem _______ "do_opapp_cases"
Saved theorem _______ "do_app_NONE_ffi"
Saved theorem _______ "do_app_SOME_ffi_same"
Saved theorem _______ "do_app_ffi_unchanged"
Saved theorem _______ "do_app_ffi_changed"
Saved theorem _______ "do_app_not_timeout"
Saved theorem _______ "do_app_type_error"
Proved triviality ___ "build_rec_env_help_lem"
Saved theorem _______ "build_rec_env_merge"
Saved theorem _______ "do_con_check_build_conv"
Saved definition ____ "map_error_result_def"
Saved theorem _______ "map_error_result_Rtype_error"
Saved theorem _______ "map_error_result_I"
Saved definition ____ "map_result_def"
Saved theorem _______ "map_result_Rval"
Saved theorem _______ "map_result_Rerr"
<<HOL message: mk_functional: 
  pattern completion has added 1 clause to the original specification.>>
Saved definition ____ "exc_rel_def"
Saved induction _____ "exc_rel_ind"
Saved theorem _______ "exc_rel_raise1"
Saved theorem _______ "exc_rel_raise2"
Saved theorem _______ "exc_rel_type_error1"
Saved theorem _______ "exc_rel_type_error2"
Saved theorem _______ "exc_rel_refl"
Saved theorem _______ "exc_rel_trans"
<<HOL message: mk_functional: 
  pattern completion has added 1 clause to the original specification.>>
Saved definition ____ "result_rel_def"
Saved induction _____ "result_rel_ind"
Saved theorem _______ "result_rel_Rval"
Saved theorem _______ "result_rel_Rerr1"
Saved theorem _______ "result_rel_Rerr2"
Saved theorem _______ "result_rel_refl"
Saved theorem _______ "result_rel_trans"
Saved definition ____ "every_error_result_def"
Saved definition ____ "every_result_def"
Saved definition ____ "map_sv_def"
Saved definition ____ "dest_Refv_def"
<<HOL message: mk_functional: 
  pattern completion has added 2 clauses to the original specification.>>
Saved definition ____ "is_Refv_def"
Saved induction _____ "is_Refv_ind"
Saved definition ____ "sv_every_def"
Saved induction _____ "sv_every_ind"
<<HOL message: mk_functional: 
  pattern completion has added 11 clauses to the original specification.>>
Saved definition ____ "sv_rel_def"
Saved induction _____ "sv_rel_ind"
Saved theorem _______ "sv_rel_refl"
Saved theorem _______ "sv_rel_trans"
Saved theorem _______ "sv_rel_cases"
Saved theorem _______ "sv_rel_O"
Saved theorem _______ "sv_rel_mono"
Saved definition ____ "store_v_vs_def"
Saved definition ____ "store_vs_def"
Saved theorem _______ "EVERY_sv_every_MAP_map_sv"
Saved theorem _______ "LIST_REL_store_vs_intro"
Saved theorem _______ "EVERY_sv_every_EVERY_store_vs"
Saved theorem _______ "EVERY_store_vs_intro"
Saved theorem _______ "map_sv_compose"
<<HOL message: mk_functional: 
  pattern completion has added 1 clause to the original specification.>>
Saved definition ____ "map_match_def"
Saved induction _____ "map_match_ind"
Saved theorem _______ "find_recfun_ALOOKUP"
Saved theorem _______ "find_recfun_el"
Saved definition ____ "ctors_of_tdef_def"
<<HOL message: mk_functional: 
  pattern completion has added 5 clauses to the original specification.>>
Saved definition ____ "ctors_of_dec_def"
Saved induction _____ "ctors_of_dec_ind"
Saved definition ____ "FV_def"
Saved induction _____ "FV_ind"
Saved theorem _______ "FV_pes_MAP"
Saved theorem _______ "FV_defs_MAP"
Saved definition ____ "FV_dec_def"
Saved theorem _______ "nat_to_v_11"
Saved theorem _______ "concrete_v_list"
Saved theorem _______ "concrete_v_simps"
Saved theorem _______ "prim_type_cases"
Saved theorem _______ "do_conversion_check_type"
Saved theorem _______ "do_arith_check_type"
Exporting theory "semanticPrimitivesProps" ... done.
Theory "semanticPrimitivesProps" took 27.8s to build
Holmake: [1/1] semanticPrimitivesProps
