
---------------------------------------------------------------------
     HOL4 [Trindemossen 2 (stdknl, built Thu Oct 08 11:34:41 2026)]

     For introductory HOL help, type: help "hol";
     To exit type <Control>-D
---------------------------------------------------------------------
** Load path (see loadPath variable) now contains 44 entries
** after consulting Holmakefiles and any holproject.toml

[In non-standard heap: /workspace/scratch/7755a98cf62b/cakeml-compat/misc/cakeml-heap]
> val inspect = fn: string -> unit
KERNEL_THEOREM semanticPrimitivesProps.with_same_v
⊢ env with v := env.v = env
KERNEL_THEOREM semanticPrimitivesProps.with_same_clock
⊢ st with clock := st.clock = st
KERNEL_THEOREM semanticPrimitivesProps.unchanged_env
⊢ ∀env. <|v := env.v; c := env.c|> = env
KERNEL_THEOREM semanticPrimitivesProps.sv_rel_trans
⊢ ∀R. (∀x y z. R x y ∧ R y z ⇒ R x z) ⇒
      ∀x y z. sv_rel R x y ∧ sv_rel R y z ⇒ sv_rel R x z
KERNEL_THEOREM semanticPrimitivesProps.sv_rel_refl
⊢ ∀R x. (∀x. R x x) ⇒ sv_rel R x x
KERNEL_THEOREM semanticPrimitivesProps.sv_rel_O
⊢ ∀R1 R2. sv_rel (R1 ∘ᵣ R2) = sv_rel R1 ∘ᵣ sv_rel R2
KERNEL_THEOREM semanticPrimitivesProps.sv_rel_mono
⊢ (∀x y. P x y ⇒ Q x y) ⇒ sv_rel P x y ⇒ sv_rel Q x y
KERNEL_THEOREM semanticPrimitivesProps.sv_rel_ind
⊢ ∀P. (∀R v1 v2. P R (Refv v1) (Refv v2)) ∧
      (∀R w1 w2. P R (W8array w1) (W8array w2)) ∧
      (∀R vs1 vs2. P R (Varray vs1) (Varray vs2)) ∧
      (∀R m1 v1 m2 v2. P R (Thunk m1 v1) (Thunk m2 v2)) ∧
      (∀R v7 v18. P R (Refv v7) (W8array v18)) ∧
      (∀R v7 v19. P R (Refv v7) (Varray v19)) ∧
      (∀R v7 v20 v21. P R (Refv v7) (Thunk v20 v21)) ∧
      (∀R v8 v27. P R (W8array v8) (Refv v27)) ∧
      (∀R v8 v29. P R (W8array v8) (Varray v29)) ∧
      (∀R v8 v30 v31. P R (W8array v8) (Thunk v30 v31)) ∧
      (∀R v9 v37. P R (Varray v9) (Refv v37)) ∧
      (∀R v9 v38. P R (Varray v9) (W8array v38)) ∧
      (∀R v9 v40 v41. P R (Varray v9) (Thunk v40 v41)) ∧
      (∀R v10 v11 v47. P R (Thunk v10 v11) (Refv v47)) ∧
      (∀R v10 v11 v48. P R (Thunk v10 v11) (W8array v48)) ∧
      (∀R v10 v11 v49. P R (Thunk v10 v11) (Varray v49)) ⇒
      ∀v v1 v2. P v v1 v2
KERNEL_THEOREM semanticPrimitivesProps.sv_rel_def
⊢ (sv_rel R (Refv v1) (Refv v2) ⇔ R v1 v2) ∧
  (sv_rel R (W8array w1) (W8array w2) ⇔ w1 = w2) ∧
  (sv_rel R (Varray vs1) (Varray vs2) ⇔ LIST_REL R vs1 vs2) ∧
  (sv_rel R (Thunk m1 v1) (Thunk m2 v2) ⇔ m1 = m2 ∧ R v1 v2) ∧
  (sv_rel R (Refv v7) (W8array v18) ⇔ F) ∧
  (sv_rel R (Refv v7) (Varray v19) ⇔ F) ∧
  (sv_rel R (Refv v7) (Thunk v20 v21) ⇔ F) ∧
  (sv_rel R (W8array v8) (Refv v27) ⇔ F) ∧
  (sv_rel R (W8array v8) (Varray v29) ⇔ F) ∧
  (sv_rel R (W8array v8) (Thunk v30 v31) ⇔ F) ∧
  (sv_rel R (Varray v9) (Refv v37) ⇔ F) ∧
  (sv_rel R (Varray v9) (W8array v38) ⇔ F) ∧
  (sv_rel R (Varray v9) (Thunk v40 v41) ⇔ F) ∧
  (sv_rel R (Thunk v10 v11) (Refv v47) ⇔ F) ∧
  (sv_rel R (Thunk v10 v11) (W8array v48) ⇔ F) ∧
  (sv_rel R (Thunk v10 v11) (Varray v49) ⇔ F)
KERNEL_THEOREM semanticPrimitivesProps.sv_rel_cases
⊢ ∀x y.
    sv_rel R x y ⇔
    (∃v1 v2. x = Refv v1 ∧ y = Refv v2 ∧ R v1 v2) ∨
    (∃w. x = W8array w ∧ y = W8array w) ∨
    (∃m v1 v2. x = Thunk m v1 ∧ y = Thunk m v2 ∧ R v1 v2) ∨
    ∃vs1 vs2. x = Varray vs1 ∧ y = Varray vs2 ∧ LIST_REL R vs1 vs2
KERNEL_THEOREM semanticPrimitivesProps.sv_every_ind
⊢ ∀P'.
    (∀P v. P' P (Refv v)) ∧ (∀P vs. P' P (Varray vs)) ∧
    (∀P m v. P' P (Thunk m v)) ∧ (∀P v4. P' P (W8array v4)) ⇒
    ∀v v1. P' v v1
KERNEL_THEOREM semanticPrimitivesProps.sv_every_def
⊢ (sv_every P (Refv v) ⇔ P v) ∧ (sv_every P (Varray vs) ⇔ EVERY P vs) ∧
  (sv_every P (Thunk m v) ⇔ P v) ∧ (sv_every P (W8array v4) ⇔ T)
KERNEL_THEOREM semanticPrimitivesProps.result_rel_trans
⊢ (∀x y z. R1 x y ∧ R1 y z ⇒ R1 x z) ∧ (∀x y z. R2 x y ∧ R2 y z ⇒ R2 x z) ⇒
  ∀x y z. result_rel R1 R2 x y ∧ result_rel R1 R2 y z ⇒ result_rel R1 R2 x z
KERNEL_THEOREM semanticPrimitivesProps.result_rel_Rval
⊢ result_rel R1 R2 (Rval v) r ⇔ ∃v'. r = Rval v' ∧ R1 v v'
KERNEL_THEOREM semanticPrimitivesProps.result_rel_Rerr2
⊢ result_rel R1 R2 r (Rerr e) ⇔ ∃e'. r = Rerr e' ∧ exc_rel R2 e' e
KERNEL_THEOREM semanticPrimitivesProps.result_rel_Rerr1
⊢ result_rel R1 R2 (Rerr e) r ⇔ ∃e'. r = Rerr e' ∧ exc_rel R2 e e'
KERNEL_THEOREM semanticPrimitivesProps.result_rel_refl
⊢ (∀x. R1 x x) ∧ (∀x. R2 x x) ⇒ ∀x. result_rel R1 R2 x x
KERNEL_THEOREM semanticPrimitivesProps.result_rel_ind
⊢ ∀P. (∀R1 v0 v1 v2. P R1 v0 (Rval v1) (Rval v2)) ∧
      (∀v3 R2 e1 e2. P v3 R2 (Rerr e1) (Rerr e2)) ∧
      (∀v4 v5 v13 v18. P v4 v5 (Rval v13) (Rerr v18)) ∧
      (∀v4 v5 v14 v21. P v4 v5 (Rerr v14) (Rval v21)) ⇒
      ∀v v1 v2 v3. P v v1 v2 v3
KERNEL_THEOREM semanticPrimitivesProps.result_rel_def
⊢ (result_rel R1 v0 (Rval v1) (Rval v2) ⇔ R1 v1 v2) ∧
  (result_rel v3 R2 (Rerr e1) (Rerr e2) ⇔ exc_rel R2 e1 e2) ∧
  (result_rel v4 v5 (Rval v13) (Rerr v18) ⇔ F) ∧
  (result_rel v4 v5 (Rerr v14) (Rval v21) ⇔ F)
KERNEL_THEOREM semanticPrimitivesProps.prim_type_cases
⊢ ∀ty.
    ty = BoolT ∨ ty = IntT ∨ ty = CharT ∨ ty = StrT ∨ ty = WordT W8 ∨
    ty = WordT W64 ∨ ty = Float64T
KERNEL_THEOREM semanticPrimitivesProps.pmatch_nsAppend_No_match
⊢ ∀ns st pat v env m ns'.
    pmatch ns st pat v env = No_match ⇒
    pmatch (nsAppend ns ns') st pat v env = No_match
KERNEL_THEOREM semanticPrimitivesProps.pmatch_nsAppend_Match
⊢ ∀ns st pat v env m ns'.
    pmatch ns st pat v env = Match m ⇒
    pmatch (nsAppend ns ns') st pat v env = Match m
KERNEL_THEOREM semanticPrimitivesProps.pmatch_nsAppend
⊢ (∀ns st pat v env m ns'.
     (pmatch ns st pat v env = No_match ⇒
      pmatch (nsAppend ns ns') st pat v env = No_match) ∧
     (pmatch ns st pat v env = Match m ⇒
      pmatch (nsAppend ns ns') st pat v env = Match m)) ∧
  ∀ns st pats vs env m ns'.
    (pmatch_list ns st pats vs env = No_match ⇒
     pmatch_list (nsAppend ns ns') st pats vs env = No_match) ∧
    (pmatch_list ns st pats vs env = Match m ⇒
     pmatch_list (nsAppend ns ns') st pats vs env = Match m)
KERNEL_THEOREM semanticPrimitivesProps.pmatch_extend
⊢ (∀cenv s p v env env' env''.
     pmatch cenv s p v env = Match env' ⇒
     ∃env''. env' = env'' ++ env ∧ MAP FST env'' = pat_bindings p []) ∧
  ∀cenv s ps vs env env' env''.
    pmatch_list cenv s ps vs env = Match env' ⇒
    ∃env''. env' = env'' ++ env ∧ MAP FST env'' = pats_bindings ps []
KERNEL_THEOREM semanticPrimitivesProps.pmatch_append
⊢ (∀cenv st p v env env' env''.
     pmatch cenv st p v env = Match env' ⇒
     pmatch cenv st p v (env ++ env'') = Match (env' ++ env'')) ∧
  ∀cenv st ps v env env' env''.
    pmatch_list cenv st ps v env = Match env' ⇒
    pmatch_list cenv st ps v (env ++ env'') = Match (env' ++ env'')
KERNEL_THEOREM semanticPrimitivesProps.pmatch_acc
⊢ (∀envc store p v env env' env2.
     (pmatch envc store p v env = Match env' ⇔
      pmatch envc store p v (env ++ env2) = Match (env' ++ env2)) ∧
     (pmatch envc store p v env = No_match ⇔
      pmatch envc store p v (env ++ env2) = No_match) ∧
     (pmatch envc store p v env = Match_type_error ⇔
      pmatch envc store p v (env ++ env2) = Match_type_error)) ∧
  ∀envc store ps vs env env' env2.
    (pmatch_list envc store ps vs env = Match env' ⇔
     pmatch_list envc store ps vs (env ++ env2) = Match (env' ++ env2)) ∧
    (pmatch_list envc store ps vs env = No_match ⇔
     pmatch_list envc store ps vs (env ++ env2) = No_match) ∧
    (pmatch_list envc store ps vs env = Match_type_error ⇔
     pmatch_list envc store ps vs (env ++ env2) = Match_type_error)
KERNEL_THEOREM semanticPrimitivesProps.pat_bindings_accum
⊢ (∀p acc. pat_bindings p acc = pat_bindings p [] ++ acc) ∧
  ∀ps acc. pats_bindings ps acc = pats_bindings ps [] ++ acc
KERNEL_THEOREM semanticPrimitivesProps.nat_to_v_11
⊢ ∀i j. nat_to_v i = nat_to_v j ⇔ i = j
KERNEL_THEOREM semanticPrimitivesProps.map_sv_compose
⊢ map_sv f (map_sv g x) = map_sv (f ∘ g) x
KERNEL_THEOREM semanticPrimitivesProps.map_result_Rval
⊢ map_result f1 f2 e = Rval x ⇔ ∃y. e = Rval y ∧ x = f1 y
KERNEL_THEOREM semanticPrimitivesProps.map_result_Rerr
⊢ map_result f1 f2 e = Rerr e' ⇔ ∃a. e = Rerr a ∧ map_error_result f2 a = e'
KERNEL_THEOREM semanticPrimitivesProps.map_match_ind
⊢ ∀P. (∀f env. P f (Match env)) ∧ (∀f. P f No_match) ∧
      (∀f. P f Match_type_error) ⇒
      ∀v v1. P v v1
KERNEL_THEOREM semanticPrimitivesProps.map_match_def
⊢ map_match f (Match env) = Match (f env) ∧ map_match f No_match = No_match ∧
  map_match f Match_type_error = Match_type_error
KERNEL_THEOREM semanticPrimitivesProps.map_error_result_Rtype_error
⊢ map_error_result f e = Rabort a ⇔ e = Rabort a
KERNEL_THEOREM semanticPrimitivesProps.map_error_result_I
⊢ map_error_result I e = e
KERNEL_THEOREM semanticPrimitivesProps.lit_same_type_sym
⊢ ∀l1 l2. lit_same_type l1 l2 ⇒ lit_same_type l2 l1
KERNEL_THEOREM semanticPrimitivesProps.lit_same_type_refl
⊢ ∀l. lit_same_type l l
KERNEL_THEOREM semanticPrimitivesProps.LIST_REL_store_vs_intro
⊢ ∀P l1 l2.
    LIST_REL (sv_rel P) l1 l2 ⇒ LIST_REL P (store_vs l1) (store_vs l2)
KERNEL_THEOREM semanticPrimitivesProps.is_Refv_ind
⊢ ∀P. (∀v0. P (Refv v0)) ∧ (∀v2. P (W8array v2)) ∧ (∀v3. P (Varray v3)) ∧
      (∀v4 v5. P (Thunk v4 v5)) ⇒
      ∀v. P v
KERNEL_THEOREM semanticPrimitivesProps.is_Refv_def
⊢ (is_Refv (Refv v0) ⇔ T) ∧ (is_Refv (W8array v2) ⇔ F) ∧
  (is_Refv (Varray v3) ⇔ F) ∧ (is_Refv (Thunk v4 v5) ⇔ F)
KERNEL_THEOREM semanticPrimitivesProps.FV_pes_MAP
⊢ FV_pes pes =
  BIGUNION
    (IMAGE (λ(p,e). FV e DIFF IMAGE Short (set (pat_bindings p [])))
       (set pes))
KERNEL_THEOREM semanticPrimitivesProps.FV_ind
⊢ ∀P0 P1 P2 P3.
    (∀e. P0 e ⇒ P0 (Raise e)) ∧ (∀e pes. P0 e ∧ P2 pes ⇒ P0 (Handle e pes)) ∧
    (∀v0. P0 (Lit v0)) ∧ (∀v1 ls. P1 ls ⇒ P0 (Con v1 ls)) ∧
    (∀id. P0 (Var id)) ∧ (∀x e. P0 e ⇒ P0 (Fun x e)) ∧
    (∀v2 es. P1 es ⇒ P0 (App v2 es)) ∧
    (∀v3 e1 e2. P0 e1 ∧ P0 e2 ⇒ P0 (Log v3 e1 e2)) ∧
    (∀e1 e2 e3. P0 e1 ∧ P0 e2 ∧ P0 e3 ⇒ P0 (If e1 e2 e3)) ∧
    (∀e pes. P0 e ∧ P2 pes ⇒ P0 (Mat e pes)) ∧
    (∀xo e b. P0 b ∧ P0 e ⇒ P0 (Let xo e b)) ∧
    (∀defs b. P0 b ∧ P3 defs ⇒ P0 (Letrec defs b)) ∧
    (∀e t. P0 e ⇒ P0 (Tannot e t)) ∧ (∀e l. P0 e ⇒ P0 (Lannot e l)) ∧ P1 [] ∧
    (∀e es. P0 e ∧ P1 es ⇒ P1 (e::es)) ∧ P2 [] ∧
    (∀p e pes. P0 e ∧ P2 pes ⇒ P2 ((p,e)::pes)) ∧ P3 [] ∧
    (∀v4 x e defs. P0 e ∧ P3 defs ⇒ P3 ((v4,x,e)::defs)) ⇒
    (∀v0. P0 v0) ∧ (∀v0. P1 v0) ∧ (∀v0. P2 v0) ∧ ∀v0. P3 v0
KERNEL_THEOREM semanticPrimitivesProps.FV_defs_MAP
⊢ ∀ls. FV_defs ls = BIGUNION (IMAGE (λ(f,x,e). FV e DIFF {Short x}) (set ls))
KERNEL_THEOREM semanticPrimitivesProps.FV_def
⊢ (∀e. FV (Raise e) = FV e) ∧
  (∀pes e. FV (Handle e pes) = FV e ∪ FV_pes pes) ∧ (∀v0. FV (Lit v0) = ∅) ∧
  (∀v1 ls. FV (Con v1 ls) = FV_list ls) ∧ (∀id. FV (Var id) = {id}) ∧
  (∀x e. FV (Fun x e) = FV e DIFF {Short x}) ∧
  (∀v2 es. FV (App v2 es) = FV_list es) ∧
  (∀v3 e2 e1. FV (Log v3 e1 e2) = FV e1 ∪ FV e2) ∧
  (∀e3 e2 e1. FV (If e1 e2 e3) = FV e1 ∪ FV e2 ∪ FV e3) ∧
  (∀pes e. FV (Mat e pes) = FV e ∪ FV_pes pes) ∧
  (∀xo e b.
     FV (Let xo e b) =
     FV e ∪ (FV b DIFF case xo of NONE => ∅ | SOME x => {Short x})) ∧
  (∀defs b.
     FV (Letrec defs b) =
     FV_defs defs ∪ FV b DIFF set (MAP (Short ∘ FST) defs)) ∧
  (∀t e. FV (Tannot e t) = FV e) ∧ (∀l e. FV (Lannot e l) = FV e) ∧
  FV_list [] = ∅ ∧ (∀es e. FV_list (e::es) = FV e ∪ FV_list es) ∧
  FV_pes [] = ∅ ∧
  (∀pes p e.
     FV_pes ((p,e)::pes) =
     FV e DIFF IMAGE Short (set (pat_bindings p [])) ∪ FV_pes pes) ∧
  FV_defs [] = ∅ ∧
  ∀x v4 e defs. FV_defs ((v4,x,e)::defs) = FV e DIFF {Short x} ∪ FV_defs defs
KERNEL_THEOREM semanticPrimitivesProps.find_recfun_el
⊢ ∀f funs x e n.
    ALL_DISTINCT (MAP (λ(f,x,e). f) funs) ∧ n < LENGTH funs ∧
    funs❲n❳ = (f,x,e) ⇒
    find_recfun f funs = SOME (x,e)
KERNEL_THEOREM semanticPrimitivesProps.find_recfun_ALOOKUP
⊢ ∀funs n. find_recfun n funs = ALOOKUP funs n
KERNEL_THEOREM semanticPrimitivesProps.extend_dec_env_assoc
⊢ ∀env1 env2 env3. env1 +++ (env2 +++ env3) = env1 +++ env2 +++ env3
KERNEL_THEOREM semanticPrimitivesProps.exc_rel_type_error2
⊢ exc_rel R e (Rabort a) ⇔ e = Rabort a
KERNEL_THEOREM semanticPrimitivesProps.exc_rel_type_error1
⊢ exc_rel R (Rabort a) e ⇔ e = Rabort a
KERNEL_THEOREM semanticPrimitivesProps.exc_rel_trans
⊢ (∀x y z. R x y ∧ R y z ⇒ R x z) ⇒
  ∀x y z. exc_rel R x y ∧ exc_rel R y z ⇒ exc_rel R x z
KERNEL_THEOREM semanticPrimitivesProps.exc_rel_refl
⊢ (∀x. R x x) ⇒ ∀x. exc_rel R x x
KERNEL_THEOREM semanticPrimitivesProps.exc_rel_raise2
⊢ exc_rel R e (Rraise v) ⇔ ∃v'. e = Rraise v' ∧ R v' v
KERNEL_THEOREM semanticPrimitivesProps.exc_rel_raise1
⊢ exc_rel R (Rraise v) e ⇔ ∃v'. e = Rraise v' ∧ R v v'
KERNEL_THEOREM semanticPrimitivesProps.exc_rel_ind
⊢ ∀P. (∀R v1 v2. P R (Rraise v1) (Rraise v2)) ∧
      (∀v0 a1 a2. P v0 (Rabort a1) (Rabort a2)) ∧
      (∀v3 v9 v14. P v3 (Rraise v9) (Rabort v14)) ∧
      (∀v3 v10 v17. P v3 (Rabort v10) (Rraise v17)) ⇒
      ∀v v1 v2. P v v1 v2
KERNEL_THEOREM semanticPrimitivesProps.exc_rel_def
⊢ (exc_rel R (Rraise v1) (Rraise v2) ⇔ R v1 v2) ∧
  (exc_rel v0 (Rabort a1) (Rabort a2) ⇔ a1 = a2) ∧
  (exc_rel v3 (Rraise v9) (Rabort v14) ⇔ F) ∧
  (exc_rel v3 (Rabort v10) (Rraise v17) ⇔ F)
KERNEL_THEOREM semanticPrimitivesProps.EVERY_sv_every_MAP_map_sv
⊢ ∀P f ls.
    EVERY P (MAP f (store_vs ls)) ⇒ EVERY (sv_every P) (MAP (map_sv f) ls)
KERNEL_THEOREM semanticPrimitivesProps.EVERY_sv_every_EVERY_store_vs
⊢ ∀P ls. EVERY (sv_every P) ls ⇔ EVERY P (store_vs ls)
KERNEL_THEOREM semanticPrimitivesProps.EVERY_store_vs_intro
⊢ ∀P ls. EVERY (sv_every P) ls ⇒ EVERY P (store_vs ls)
KERNEL_THEOREM semanticPrimitivesProps.do_shift_ind
⊢ ∀P. (∀sh n w. P sh n W8 (Word8 w)) ∧ (∀sh n w. P sh n W64 (Word64 w)) ∧
      (∀v0 v1 v2 v9. P v0 v1 v2 (IntLit v9)) ∧
      (∀v0 v1 v2 v10. P v0 v1 v2 (Char v10)) ∧
      (∀v0 v1 v2 v11. P v0 v1 v2 (StrLit v11)) ∧
      (∀v0 v1 v12. P v0 v1 W64 (Word8 v12)) ∧
      (∀v0 v1 v13. P v0 v1 W8 (Word64 v13)) ∧
      (∀v0 v1 v2 v14. P v0 v1 v2 (Float64 v14)) ⇒
      ∀v v1 v2 v3. P v v1 v2 v3
KERNEL_THEOREM semanticPrimitivesProps.do_shift_def
⊢ do_shift sh n W8 (Word8 w') = SOME (Word8 (shift_lookup sh w' n)) ∧
  do_shift sh n W64 (Word64 w) = SOME (Word64 (shift_lookup sh w n)) ∧
  do_shift v0 v1 v2 (IntLit v9) = NONE ∧
  do_shift v0 v1 v2 (Char v10) = NONE ∧
  do_shift v0 v1 v2 (StrLit v11) = NONE ∧
  do_shift v0 v1 W64 (Word8 v12) = NONE ∧
  do_shift v0 v1 W8 (Word64 v13) = NONE ∧
  do_shift v0 v1 v2 (Float64 v14) = NONE
KERNEL_THEOREM semanticPrimitivesProps.do_opapp_cases
⊢ ∀env' vs v.
    do_opapp vs = SOME (env',v) ⇔
    (∃v2 env'' n e.
       vs = [Closure env'' n e; v2] ∧
       env' = env'' with v := nsBind n v2 env''.v ∧ v = e) ∨
    ∃v2 env'' funs n' n'' e.
      vs = [Recclosure env'' funs n'; v2] ∧
      find_recfun n' funs = SOME (n'',e) ∧
      ALL_DISTINCT (MAP (λ(f,x,e). f) funs) ∧
      env' = env'' with v := nsBind n'' v2 (build_rec_env funs env'' env''.v) ∧
      v = e
KERNEL_THEOREM semanticPrimitivesProps.do_conversion_check_type
⊢ do_conversion v ty1 ty2 = SOME (INR res) ⇒ check_type ty2 res
KERNEL_THEOREM semanticPrimitivesProps.do_con_check_build_conv
⊢ ∀tenvC cn vs l.
    do_con_check tenvC cn l ⇒ ∃v. build_conv tenvC cn vs = SOME v
KERNEL_THEOREM semanticPrimitivesProps.do_arith_check_type
⊢ do_arith a ty vs = SOME (INR res) ⇒ check_type ty res
KERNEL_THEOREM semanticPrimitivesProps.do_app_type_error
⊢ do_app s op es = SOME (x,Rerr (Rabort a)) ⇒ x = s
KERNEL_THEOREM semanticPrimitivesProps.do_app_SOME_ffi_same
⊢ do_app (refs,ffi) op args = SOME ((refs',ffi),r) ∧
  (∀outcome. r ≠ Rerr (Rabort (Rffi_error outcome))) ⇒
  do_app (refs,ffi') op args = SOME ((refs',ffi'),r)
KERNEL_THEOREM semanticPrimitivesProps.do_app_not_timeout
⊢ do_app s op vs = SOME (s',Rerr (Rabort a)) ⇒ a ≠ Rtimeout_error
KERNEL_THEOREM semanticPrimitivesProps.do_app_NONE_ffi
⊢ do_app (refs,ffi) op args = NONE ⇒ do_app (refs,ffi') op args = NONE
KERNEL_THEOREM semanticPrimitivesProps.do_app_ffi_unchanged
⊢ ∀st ffi op vs st' ffi' res.
    (∀s. op ≠ FFI s) ∧ do_app (st,ffi) op vs = SOME ((st',ffi'),res) ⇒
    ffi = ffi'
KERNEL_THEOREM semanticPrimitivesProps.do_app_ffi_changed
⊢ do_app (st,ffi) op vs = SOME ((st',ffi'),res) ∧ ffi ≠ ffi' ⇒
  ∃s conf lnum ws ffi_st ws' b.
    op = FFI s ∧ vs = [Litv (StrLit conf); Loc b lnum] ∧
    store_lookup lnum st = SOME (W8array ws) ∧ s ≠ «» ∧
    ffi.oracle (ExtCall s) ffi.ffi_state
      (MAP (λc. n2w (ORD c)) (explode conf)) ws = Oracle_return ffi_st ws' ∧
    LENGTH ws = LENGTH ws' ∧ st' = st❲lnum ↦ W8array ws'❳ ∧
    ffi'.oracle = ffi.oracle ∧ ffi'.ffi_state = ffi_st ∧
    ffi'.io_events =
    ffi.io_events ++
    [IO_event (ExtCall s) (MAP (λc. n2w (ORD c)) (explode conf))
       (ZIP (ws,ws'))]
KERNEL_THEOREM semanticPrimitivesProps.do_app_cases
⊢ do_app (s,t) op vs = SOME (st',v) ⇔
  (∃a ty v'.
     op = Arith a ty ∧ EVERY (check_type ty) vs ∧
     do_arith a ty vs = SOME v' ∧
     (case v' of
        INL exn => SOME ((s,t),Rerr (Rraise exn))
      | INR res => SOME ((s,t),Rval res)) = SOME (st',v)) ∨
  (∃ty1 ty2 v'⁸' l.
     op = FromTo ty1 ty2 ∧ vs = v'⁸'::l ∧
     (¬check_type ty1 v'⁸' ∨
      ∃v'.
        l = [] ∧ do_conversion v'⁸' ty1 ty2 = SOME v' ∧
        (case v' of
           INL exn => SOME ((s,t),Rerr (Rraise exn))
         | INR res => SOME ((s,t),Rval res)) = SOME (st',v)) ∧
     check_type ty1 v'⁸') ∨
  (∃v50 op' n v83.
     op = Shift v50 op' n ∧ vs = [Litv v83] ∧
     ((∃w. v50 = W8 ∧ v83 = Word8 w ∧ (s,t) = st' ∧
           Rval (Litv (Word8 (shift8_lookup op' w n))) = v) ∨
      ∃w'.
        v50 = W64 ∧ v83 = Word64 w' ∧ (s,t) = st' ∧
        Rval (Litv (Word64 (shift64_lookup op' w' n))) = v)) ∨
  (∃v1 v2 b.
     op = Equality ∧ vs = [v1; v2] ∧ do_eq v1 v2 = Eq_val b ∧ (s,t) = st' ∧
     Rval (Boolv b) = v) ∨
  (∃test test_ty v1' v2' b.
     op = Test test test_ty ∧ vs = [v1'; v2'] ∧
     do_test test test_ty v1' v2' = Eq_val b ∧ (s,t) = st' ∧
     Rval (Boolv b) = v) ∨
  (∃b lnum v' s'.
     op = Opassign ∧ vs = [Loc b lnum; v'] ∧
     store_assign lnum (Refv v') s = SOME s' ∧ (s',t) = st' ∧
     v = Rval (Conv NONE [])) ∨
  (∃v' s' n.
     op = Opref ∧ vs = [v'] ∧ store_alloc (Refv v') s = (s',n) ∧
     (s',t) = st' ∧ Rval (Loc T n) = v) ∨
  (∃b' n' v'.
     op = Opderef ∧ vs = [Loc b' n'] ∧ store_lookup n' s = SOME (Refv v') ∧
     (s,t) = st' ∧ Rval v' = v) ∨
  (∃v240 w'' n''.
     op = Aw8alloc ∧ vs = Litv (IntLit n'')::Litv (Word8 w'')::v240 ∧
     (¬(n'' < 0) ∨ v240 = [] ∧ (s,t) = st' ∧ v = Rerr (Rraise sub_exn_v)) ∧
     (n'' < 0 ∨
      ∃s' lnum.
        v240 = [] ∧
        store_alloc (W8array (REPLICATE (Num (ABS n'')) w'')) s = (s',lnum) ∧
        (s',t) = st' ∧ Rval (Loc T lnum) = v)) ∨
  (∃v352 lnum' v360 i.
     op = Aw8sub ∧ vs = Loc v352 lnum'::Litv (IntLit i)::v360 ∧
     (¬(i < 0) ∨
      ∃ws.
        v360 = [] ∧ store_lookup lnum' s = SOME (W8array ws) ∧ (s,t) = st' ∧
        v = Rerr (Rraise sub_exn_v)) ∧
     (i < 0 ∨
      ∃ws.
        v360 = [] ∧ store_lookup lnum' s = SOME (W8array ws) ∧
        (¬(Num (ABS i) ≥ LENGTH ws) ∨
         (s,t) = st' ∧ v = Rerr (Rraise sub_exn_v)) ∧
        (Num (ABS i) ≥ LENGTH ws ∨
         (s,t) = st' ∧ Rval (Litv (Word8 ws❲Num (ABS i)❳)) = v))) ∨
  (∃v432 n'³' ws.
     op = Aw8length ∧ vs = [Loc v432 n'³'] ∧
     store_lookup n'³' s = SOME (W8array ws) ∧ (s,t) = st' ∧
     Rval (Litv (IntLit (&LENGTH ws))) = v) ∨
  (∃v468 lnum'³' v480 w'³' i''.
     op = Aw8update ∧
     vs = Loc v468 lnum'³'::Litv (IntLit i'')::Litv (Word8 w'³')::v480 ∧
     (¬(i'' < 0) ∨
      ∃ws.
        v480 = [] ∧ store_lookup lnum'³' s = SOME (W8array ws) ∧
        (s,t) = st' ∧ v = Rerr (Rraise sub_exn_v)) ∧
     (i'' < 0 ∨
      ∃ws.
        v480 = [] ∧ store_lookup lnum'³' s = SOME (W8array ws) ∧
        (¬(Num (ABS i'') ≥ LENGTH ws) ∨
         (s,t) = st' ∧ v = Rerr (Rraise sub_exn_v)) ∧
        (Num (ABS i'') ≥ LENGTH ws ∨
         ∃s'.
           store_assign lnum'³' (W8array ws❲Num (ABS i'') ↦ w'³'❳) s =
           SOME s' ∧ (s',t) = st' ∧ v = Rval (Conv NONE [])))) ∨
  (∃len off strng.
     op = CopyStrStr ∧
     vs = [Litv (StrLit strng); Litv (IntLit off); Litv (IntLit len)] ∧
     (s,t) = st' ∧
     (copy_array (explode strng,off) len NONE = NONE ∧
      v = Rerr (Rraise sub_exn_v) ∨
      ∃cs.
        copy_array (explode strng,off) len NONE = SOME cs ∧
        Rval (Litv (StrLit (implode cs))) = v)) ∨
  (∃v740 dst dstoff len' off' strng' ws.
     op = CopyStrAw8 ∧
     vs =
     [Litv (StrLit strng'); Litv (IntLit off'); Litv (IntLit len');
      Loc v740 dst; Litv (IntLit dstoff)] ∧
     store_lookup dst s = SOME (W8array ws) ∧
     (copy_array (explode strng',off') len' (SOME (ws_to_chars ws,dstoff)) =
      NONE ∧ (s,t) = st' ∧ v = Rerr (Rraise sub_exn_v) ∨
      ∃cs s'.
        copy_array (explode strng',off') len' (SOME (ws_to_chars ws,dstoff)) =
        SOME cs ∧ store_assign dst (W8array (chars_to_ws cs)) s = SOME s' ∧
        (s',t) = st' ∧ v = Rval (Conv NONE []))) ∨
  (∃v940 src len'' off'' ws.
     op = CopyAw8Str ∧
     vs = [Loc v940 src; Litv (IntLit off''); Litv (IntLit len'')] ∧
     store_lookup src s = SOME (W8array ws) ∧ (s,t) = st' ∧
     (copy_array (ws,off'') len'' NONE = NONE ∧ v = Rerr (Rraise sub_exn_v) ∨
      ∃ws'.
        copy_array (ws,off'') len'' NONE = SOME ws' ∧
        Rval (Litv (StrLit (implode (ws_to_chars ws')))) = v)) ∨
  (∃v1064 src' v1104 dst' dstoff' len'³' off'³' ws ds.
     op = CopyAw8Aw8 ∧
     vs =
     [Loc v1064 src'; Litv (IntLit off'³'); Litv (IntLit len'³');
      Loc v1104 dst'; Litv (IntLit dstoff')] ∧
     store_lookup src' s = SOME (W8array ws) ∧
     store_lookup dst' s = SOME (W8array ds) ∧
     (copy_array (ws,off'³') len'³' (SOME (ds,dstoff')) = NONE ∧
      (s,t) = st' ∧ v = Rerr (Rraise sub_exn_v) ∨
      ∃ws' s'.
        copy_array (ws,off'³') len'³' (SOME (ds,dstoff')) = SOME ws' ∧
        store_assign dst' (W8array ws') s = SOME s' ∧ (s',t) = st' ∧
        v = Rval (Conv NONE []))) ∨
  (∃v1264 dst'' str_arg bs new_bs s'.
     op = XorAw8Str_unsafe ∧ vs = [Loc v1264 dst''; Litv (StrLit str_arg)] ∧
     store_lookup dst'' s = SOME (W8array bs) ∧
     xor_bytes (MAP (n2w ∘ ORD) (explode str_arg)) bs = SOME new_bs ∧
     store_assign dst'' (W8array new_bs) s = SOME s' ∧ (s',t) = st' ∧
     v = Rval (Conv NONE [])) ∨
  (∃v'' ls.
     op = Implode ∧ vs = [v''] ∧ v_to_char_list v'' = SOME ls ∧ (s,t) = st' ∧
     Rval (Litv (StrLit (implode ls))) = v) ∨
  (∃strng.
     op = Explode ∧ vs = [Litv (StrLit strng)] ∧ (s,t) = st' ∧
     Rval (list_to_v (MAP (λc. Litv (Char c)) (explode strng))) = v) ∨
  (∃v1335 v1340 i'⁴'.
     op = Strsub ∧ vs = v1335::Litv (IntLit i'⁴')::v1340 ∧
     (¬(i'⁴' < 0) ∨
      ∃strng''.
        v1335 = Litv (StrLit strng'') ∧ v1340 = [] ∧ (s,t) = st' ∧
        v = Rerr (Rraise sub_exn_v)) ∧
     (i'⁴' < 0 ∨
      ∃strng''.
        v1335 = Litv (StrLit strng'') ∧ v1340 = [] ∧
        (¬(Num (ABS i'⁴') ≥ strlen strng'') ∨
         (s,t) = st' ∧ v = Rerr (Rraise sub_exn_v)) ∧
        (Num (ABS i'⁴') ≥ strlen strng'' ∨
         (s,t) = st' ∧
         Rval (Litv (Char (explode strng'')❲Num (ABS i'⁴')❳)) = v))) ∨
  (∃strng'³'.
     op = Strlen ∧ vs = [Litv (StrLit strng'³')] ∧ (s,t) = st' ∧
     Rval (Litv (IntLit (&strlen strng'³'))) = v) ∨
  (∃v'³' vs' strng.
     op = Strcat ∧ vs = [v'³'] ∧ v_to_list v'³' = SOME vs' ∧
     vs_to_string vs' = SOME strng ∧ (s,t) = st' ∧
     Rval (Litv (StrLit strng)) = v) ∨
  (∃v'⁴' vs'.
     op = VfromList ∧ vs = [v'⁴'] ∧ v_to_list v'⁴' = SOME vs' ∧ (s,t) = st' ∧
     Rval (Vectorv vs') = v) ∨
  (∃v1491 v1496 i'⁶'.
     op = Vsub ∧ vs = v1491::Litv (IntLit i'⁶')::v1496 ∧
     (¬(i'⁶' < 0) ∨
      ∃vs'.
        v1491 = Vectorv vs' ∧ v1496 = [] ∧ (s,t) = st' ∧
        v = Rerr (Rraise sub_exn_v)) ∧
     (i'⁶' < 0 ∨
      ∃vs'.
        v1491 = Vectorv vs' ∧ v1496 = [] ∧
        (¬(Num (ABS i'⁶') ≥ LENGTH vs') ∨
         (s,t) = st' ∧ v = Rerr (Rraise sub_exn_v)) ∧
        (Num (ABS i'⁶') ≥ LENGTH vs' ∨
         (s,t) = st' ∧ Rval vs'❲Num (ABS i'⁶')❳ = v))) ∨
  (∃vs''.
     op = Vlength ∧ vs = [Vectorv vs''] ∧ (s,t) = st' ∧
     Rval (Litv (IntLit (&LENGTH vs''))) = v) ∨
  (∃v'⁵' v1612 n'⁴'.
     op = Aalloc ∧ vs = Litv (IntLit n'⁴')::v'⁵'::v1612 ∧
     (¬(n'⁴' < 0) ∨ v1612 = [] ∧ (s,t) = st' ∧ v = Rerr (Rraise sub_exn_v)) ∧
     (n'⁴' < 0 ∨
      ∃s' lnum.
        v1612 = [] ∧
        store_alloc (Varray (REPLICATE (Num (ABS n'⁴')) v'⁵')) s = (s',lnum) ∧
        (s',t) = st' ∧ Rval (Loc T lnum) = v)) ∨
  (∃s' lnum.
     op = AallocEmpty ∧ vs = [Conv NONE []] ∧
     store_alloc (Varray []) s = (s',lnum) ∧ (s',t) = st' ∧
     Rval (Loc T lnum) = v) ∨
  (∃s' lnum.
     op = AallocFixed ∧ store_alloc (Varray vs) s = (s',lnum) ∧
     (s',t) = st' ∧ Rval (Loc T lnum) = v) ∨
  (∃v1726 lnum'⁵' v1734 i'⁷'.
     op = Asub ∧ vs = Loc v1726 lnum'⁵'::Litv (IntLit i'⁷')::v1734 ∧
     (¬(i'⁷' < 0) ∨
      ∃vs.
        v1734 = [] ∧ store_lookup lnum'⁵' s = SOME (Varray vs) ∧
        (s,t) = st' ∧ v = Rerr (Rraise sub_exn_v)) ∧
     (i'⁷' < 0 ∨
      ∃vs.
        v1734 = [] ∧ store_lookup lnum'⁵' s = SOME (Varray vs) ∧
        (¬(Num (ABS i'⁷') ≥ LENGTH vs) ∨
         (s,t) = st' ∧ v = Rerr (Rraise sub_exn_v)) ∧
        (Num (ABS i'⁷') ≥ LENGTH vs ∨
         (s,t) = st' ∧ Rval vs❲Num (ABS i'⁷')❳ = v))) ∨
  (∃v1806 n'⁵' ws.
     op = Alength ∧ vs = [Loc v1806 n'⁵'] ∧
     store_lookup n'⁵' s = SOME (Varray ws) ∧ (s,t) = st' ∧
     Rval (Litv (IntLit (&LENGTH ws))) = v) ∨
  (∃v1842 lnum'⁷' v'⁶' v1854 i'⁹'.
     op = Aupdate ∧ vs = Loc v1842 lnum'⁷'::Litv (IntLit i'⁹')::v'⁶'::v1854 ∧
     (¬(i'⁹' < 0) ∨
      ∃vs.
        v1854 = [] ∧ store_lookup lnum'⁷' s = SOME (Varray vs) ∧
        (s,t) = st' ∧ v = Rerr (Rraise sub_exn_v)) ∧
     (i'⁹' < 0 ∨
      ∃vs.
        v1854 = [] ∧ store_lookup lnum'⁷' s = SOME (Varray vs) ∧
        (¬(Num (ABS i'⁹') ≥ LENGTH vs) ∨
         (s,t) = st' ∧ v = Rerr (Rraise sub_exn_v)) ∧
        (Num (ABS i'⁹') ≥ LENGTH vs ∨
         ∃s'.
           store_assign lnum'⁷' (Varray vs❲Num (ABS i'⁹') ↦ v'⁶'❳) s =
           SOME s' ∧ (s',t) = st' ∧ v = Rval (Conv NONE [])))) ∨
  (∃v1906 i'⁵' vs'.
     op = Vsub_unsafe ∧ vs = Vectorv vs'::Litv (IntLit i'⁵')::v1906 ∧
     ((¬(0 ≤ i'⁵') ∨ ¬(Num i'⁵' < LENGTH vs')) ∨
      v1906 = [] ∧ (s,t) = st' ∧ Rval vs'❲Num i'⁵'❳ = v) ∧ 0 ≤ i'⁵' ∧
     Num i'⁵' < LENGTH vs') ∨
  (∃v2006 lnum'⁶' v2014 i'⁸'.
     op = Asub_unsafe ∧ vs = Loc v2006 lnum'⁶'::Litv (IntLit i'⁸')::v2014 ∧
     ¬(i'⁸' < 0) ∧
     (i'⁸' < 0 ∨
      ∃vs.
        v2014 = [] ∧ store_lookup lnum'⁶' s = SOME (Varray vs) ∧
        ¬(Num (ABS i'⁸') ≥ LENGTH vs) ∧
        (Num (ABS i'⁸') ≥ LENGTH vs ∨
         (s,t) = st' ∧ Rval vs❲Num (ABS i'⁸')❳ = v))) ∨
  (∃v2086 lnum'⁸' v'⁷' v2098 i'¹⁰'.
     op = Aupdate_unsafe ∧
     vs = Loc v2086 lnum'⁸'::Litv (IntLit i'¹⁰')::v'⁷'::v2098 ∧
     ¬(i'¹⁰' < 0) ∧
     (i'¹⁰' < 0 ∨
      ∃vs.
        v2098 = [] ∧ store_lookup lnum'⁸' s = SOME (Varray vs) ∧
        ¬(Num (ABS i'¹⁰') ≥ LENGTH vs) ∧
        (Num (ABS i'¹⁰') ≥ LENGTH vs ∨
         ∃s'.
           store_assign lnum'⁸' (Varray vs❲Num (ABS i'¹⁰') ↦ v'⁷'❳) s =
           SOME s' ∧ (s',t) = st' ∧ v = Rval (Conv NONE [])))) ∨
  (∃v2170 lnum'' v2178 i'.
     op = Aw8sub_unsafe ∧ vs = Loc v2170 lnum''::Litv (IntLit i')::v2178 ∧
     ¬(i' < 0) ∧
     (i' < 0 ∨
      ∃ws.
        v2178 = [] ∧ store_lookup lnum'' s = SOME (W8array ws) ∧
        ¬(Num (ABS i') ≥ LENGTH ws) ∧
        (Num (ABS i') ≥ LENGTH ws ∨
         (s,t) = st' ∧ Rval (Litv (Word8 ws❲Num (ABS i')❳)) = v))) ∨
  (∃v2250 lnum'⁴' v2262 w'⁴' i'³'.
     op = Aw8update_unsafe ∧
     vs = Loc v2250 lnum'⁴'::Litv (IntLit i'³')::Litv (Word8 w'⁴')::v2262 ∧
     ¬(i'³' < 0) ∧
     (i'³' < 0 ∨
      ∃ws.
        v2262 = [] ∧ store_lookup lnum'⁴' s = SOME (W8array ws) ∧
        ¬(Num (ABS i'³') ≥ LENGTH ws) ∧
        (Num (ABS i'³') ≥ LENGTH ws ∨
         ∃s'.
           store_assign lnum'⁴' (W8array ws❲Num (ABS i'³') ↦ w'⁴'❳) s =
           SOME s' ∧ (s',t) = st' ∧ v = Rval (Conv NONE [])))) ∨
  (∃th_op. op = ThunkOp th_op ∧ thunk_op (s,t) th_op vs = SOME (st',v)) ∨
  (∃x1 x2 xs ys.
     op = ListAppend ∧ vs = [x1; x2] ∧ v_to_list x1 = SOME xs ∧
     v_to_list x2 = SOME ys ∧ (s,t) = st' ∧ Rval (list_to_v (xs ++ ys)) = v) ∨
  (∃j i'¹¹'.
     op = ConfigGC ∧ vs = [Litv (IntLit i'¹¹'); Litv (IntLit j)] ∧
     (s,t) = st' ∧ v = Rval (Conv NONE [])) ∨
  (∃n'⁶' v2482 lnum'⁹' conf ws.
     op = FFI n'⁶' ∧ vs = [Litv (StrLit conf); Loc v2482 lnum'⁹'] ∧
     store_lookup lnum'⁹' s = SOME (W8array ws) ∧
     (case call_FFI t (ExtCall n'⁶') (MAP (n2w ∘ ORD) (explode conf)) ws of
        FFI_return t' ws' =>
          (case store_assign lnum'⁹' (W8array ws') s of
             NONE => NONE
           | SOME s' => SOME ((s',t'),Rval (Conv NONE [])))
      | FFI_final outcome => SOME ((s,t),Rerr (Rabort (Rffi_error outcome)))) =
     SOME (st',v)) ∨
  ∃v2533.
    op = Env_id ∧ vs = [v2533] ∧
    ((∃gen' id'.
        v2533 = Conv NONE [gen'; id'] ∧ (s,t) = st' ∧
        Rval (Conv NONE [gen'; id']) = v) ∨
     ∃env gen id.
       v2533 = Env env (gen,id) ∧ (s,t) = st' ∧
       Rval (Conv NONE [nat_to_v gen; nat_to_v id]) = v)
KERNEL_THEOREM semanticPrimitivesProps.ctors_of_dec_ind
⊢ ∀P. (∀locs tds. P (Dtype locs tds)) ∧ (∀locs s v0. P (Dexn locs s v0)) ∧
      (∀v v2 v3. P (Dlet v v2 v3)) ∧ (∀v4 v5. P (Dletrec v4 v5)) ∧
      (∀v8 v9 v10 v11. P (Dtabbrev v8 v9 v10 v11)) ∧
      (∀v15 v16. P (Dmod v15 v16)) ∧ (∀v17 v18. P (Dlocal v17 v18)) ∧
      (∀v19. P (Denv v19)) ⇒
      ∀v. P v
KERNEL_THEOREM semanticPrimitivesProps.ctors_of_dec_def
⊢ ctors_of_dec (Dtype locs tds) = FLAT (MAP ctors_of_tdef tds) ∧
  ctors_of_dec (Dexn locs s v0) = [s] ∧ ctors_of_dec (Dlet v v2 v3) = [] ∧
  ctors_of_dec (Dletrec v4 v5) = [] ∧
  ctors_of_dec (Dtabbrev v8 v9 v10 v11) = [] ∧
  ctors_of_dec (Dmod v15 v16) = [] ∧ ctors_of_dec (Dlocal v17 v18) = [] ∧
  ctors_of_dec (Denv v19) = []
KERNEL_THEOREM semanticPrimitivesProps.concrete_v_simps
⊢ (concrete_v (Litv l) ⇔ T) ∧ (concrete_v (Loc b n) ⇔ T) ∧
  (concrete_v (Conv stmp xs) ⇔ EVERY concrete_v xs) ∧
  (concrete_v (Vectorv xs) ⇔ EVERY concrete_v xs) ∧
  (concrete_v (Env id e) ⇔ F) ∧ (concrete_v (Closure e2 nm x) ⇔ F) ∧
  (concrete_v (Recclosure e3 funs nm2) ⇔ F)
KERNEL_THEOREM semanticPrimitivesProps.concrete_v_list
⊢ ∀xs. concrete_v_list xs ⇔ EVERY concrete_v xs
KERNEL_THEOREM semanticPrimitivesProps.build_rec_env_merge
⊢ ∀funs funs' env env'.
    build_rec_env funs env env' =
    nsAppend (alist_to_ns (MAP (λ(f,n,e). (f,Recclosure env funs f)) funs))
      env'
KERNEL_THEOREM semanticPrimitivesProps.Boolv_11
⊢ Boolv b1 = Boolv b2 ⇔ (b1 ⇔ b2)
EXPORTS_INSPECTED semanticPrimitivesProps 77
KERNEL_THEOREM typeSysProps.unchanged_tenv
⊢ ∀tenv. <|v := tenv.v; c := tenv.c; t := tenv.t|> = tenv
KERNEL_THEOREM typeSysProps.type_v_freevars
⊢ ∀tvs tenvC tenvS v t. type_v tvs tenvC tenvS v t ⇒ check_freevars tvs [] t
KERNEL_THEOREM typeSysProps.type_subst_deBruijn_subst_list
⊢ ∀t tvs tvs' ts ts' ts'' inc.
    LENGTH tvs = LENGTH ts ∧ EVERY (check_freevars 0 tvs) ts'' ⇒
    MAP (deBruijn_subst inc ts')
      (MAP (type_subst (alist_to_fmap (ZIP (tvs,ts)))) ts'') =
    MAP
      (type_subst
         (alist_to_fmap (ZIP (tvs,MAP (λt. deBruijn_subst inc ts' t) ts))))
      ts''
KERNEL_THEOREM typeSysProps.type_subst_deBruijn_inc_list
⊢ ∀ts' ts tvs inc sk.
    LENGTH tvs = LENGTH ts ∧ EVERY (check_freevars 0 tvs) ts' ⇒
    MAP (deBruijn_inc sk inc)
      (MAP (type_subst (alist_to_fmap (ZIP (tvs,ts)))) ts') =
    MAP
      (type_subst
         (alist_to_fmap (ZIP (tvs,MAP (λt. deBruijn_inc sk inc t) ts)))) ts'
KERNEL_THEOREM typeSysProps.type_subst
⊢ ∀tvs ctMap tenvS v t.
    type_v tvs ctMap tenvS v t ⇒
    tvs = LENGTH targs ∧ ctMap_ok ctMap ∧
    EVERY (check_freevars tvs' []) targs ∧ check_freevars (LENGTH targs) [] t ⇒
    type_v tvs' ctMap tenvS v (deBruijn_subst 0 targs t)
KERNEL_THEOREM typeSysProps.type_recfun_lookup
⊢ ∀fn funs n e tenv tenvE bindings tvs t1 t2.
    find_recfun fn funs = SOME (n,e) ∧ type_funs tenv tenvE funs bindings ∧
    ALOOKUP bindings fn = SOME (Tfn t1 t2) ⇒
    type_e tenv (Bind_name n 0 t1 tenvE) e t2 ∧
    check_freevars (num_tvs tenvE) [] (Tfn t1 t2)
KERNEL_THEOREM typeSysProps.type_ps_length
⊢ ∀tvs tenvC ps ts tenv. type_ps tvs tenvC ps ts tenv ⇒ LENGTH ps = LENGTH ts
KERNEL_THEOREM typeSysProps.type_pes_cons
⊢ ∀tvs tvs' tenv tenvE p e pes t1 t2.
    type_pes tvs tvs' tenv tenvE ((p,e)::pes) t1 t2 ⇔
    ALL_DISTINCT (pat_bindings p []) ∧
    (∃bindings.
       type_p tvs tenv p t1 bindings ∧
       type_e tenv (bind_var_list tvs' bindings tenvE) e t2) ∧
    type_pes tvs tvs' tenv tenvE pes t1 t2
KERNEL_THEOREM typeSysProps.type_p_tenvV_indep
⊢ (∀p tvs tenv t bindings tenvV.
     type_p tvs tenv p t bindings ⇔
     type_p tvs (tenv with v := tenvV) p t bindings) ∧
  ∀ps tvs tenv t bindings tenvV.
    type_ps tvs tenv ps t bindings ⇔
    type_ps tvs (tenv with v := tenvV) ps t bindings
KERNEL_THEOREM typeSysProps.type_p_subst
⊢ (∀n tenv p t new_bindings.
     type_p n tenv p t new_bindings ⇒
     ∀targs' inc tvs targs.
       tenv_abbrev_ok tenv.t ∧ tenv_ctor_ok tenv.c ∧ n = inc + LENGTH targs ∧
       EVERY (check_freevars tvs []) targs ∧
       targs' = MAP (deBruijn_inc 0 inc) targs ⇒
       type_p (inc + tvs) tenv p (deBruijn_subst inc targs' t)
         (MAP (λ(x,t). (x,deBruijn_subst inc targs' t)) new_bindings)) ∧
  ∀n tenv ps ts new_bindings.
    type_ps n tenv ps ts new_bindings ⇒
    ∀targs' inc targs tvs.
      tenv_abbrev_ok tenv.t ∧ tenv_ctor_ok tenv.c ∧ n = inc + LENGTH targs ∧
      EVERY (check_freevars tvs []) targs ∧
      targs' = MAP (deBruijn_inc 0 inc) targs ⇒
      type_ps (inc + tvs) tenv ps (MAP (deBruijn_subst inc targs') ts)
        (MAP (λ(x,t). (x,deBruijn_subst inc targs' t)) new_bindings)
KERNEL_THEOREM typeSysProps.type_p_freevars
⊢ (∀tvs tenvC p t env'.
     type_p tvs tenvC p t env' ⇒
     check_freevars tvs [] t ∧ EVERY (check_freevars tvs []) (MAP SND env')) ∧
  ∀tvs tenvC ps ts env'.
    type_ps tvs tenvC ps ts env' ⇒
    EVERY (check_freevars tvs []) ts ∧
    EVERY (check_freevars tvs []) (MAP SND env')
KERNEL_THEOREM typeSysProps.type_p_bvl
⊢ (∀tvs tenvC p t bindings.
     type_p tvs tenvC p t bindings ⇒
     ∀tenv'.
       tenv_val_exp_ok tenv' ⇒
       tenv_val_exp_ok (bind_var_list tvs bindings tenv')) ∧
  ∀tvs tenvC ps ts bindings.
    type_ps tvs tenvC ps ts bindings ⇒
    ∀tenv'.
      tenv_val_exp_ok tenv' ⇒
      tenv_val_exp_ok (bind_var_list tvs bindings tenv')
KERNEL_THEOREM typeSysProps.type_op_cases
⊢ type_op op ts t3 ⇔
  (∃a ty.
     op = Arith a ty ∧ EVERY (λarg. arg = t_of ty) ts ∧ t3 = t_of ty ∧
     supported_arith a ty = SOME (LENGTH ts)) ∨
  (∃ty1 ty2.
     op = FromTo ty1 ty2 ∧ ts = [t_of ty1] ∧ t3 = t_of ty2 ∧
     supported_conversion ty1 ty2) ∨
  ((∃v20 v21.
      op = Shift W8 v20 v21 ∧ ts = [Tapp [] Tword8_num] ∧
      t3 = Tapp [] Tword8_num) ∨
   ∃v20 v21.
     op = Shift W64 v20 v21 ∧ ts = [Tapp [] Tword64_num] ∧
     t3 = Tapp [] Tword64_num) ∨
  (∃t1''. op = Equality ∧ ts = [t1''; t1''] ∧ t3 = Tapp [] Tbool_num) ∨
  (∃test ty'.
     op = Test test ty' ∧ ts = [t_of ty'; t_of ty'] ∧
     t3 = Tapp [] Tbool_num ∧ supported_test test ty') ∨
  (∃t2. op = Opapp ∧ ts = [Tapp [t2; t3] Tfn_num; t2]) ∨
  (∃t2'³'.
     op = Opassign ∧ ts = [Tapp [t2'³'] Tref_num; t2'³'] ∧
     t3 = Tapp [] Ttup_num) ∨
  (∃t1'⁶'. op = Opref ∧ ts = [t1'⁶'] ∧ t3 = Tapp [t1'⁶'] Tref_num) ∨
  op = Opderef ∧ ts = [Tapp [t3] Tref_num] ∨
  op = Aw8alloc ∧ ts = [Tapp [] Tint_num; Tapp [] Tword8_num] ∧
  t3 = Tapp [] Tword8array_num ∨
  op = Aw8sub ∧ ts = [Tapp [] Tword8array_num; Tapp [] Tint_num] ∧
  t3 = Tapp [] Tword8_num ∨
  op = Aw8length ∧ ts = [Tapp [] Tword8array_num] ∧ t3 = Tapp [] Tint_num ∨
  op = Aw8update ∧
  ts = [Tapp [] Tword8array_num; Tapp [] Tint_num; Tapp [] Tword8_num] ∧
  t3 = Tapp [] Ttup_num ∨
  op = CopyStrStr ∧
  ts = [Tapp [] Tstring_num; Tapp [] Tint_num; Tapp [] Tint_num] ∧
  t3 = Tapp [] Tstring_num ∨
  op = CopyStrAw8 ∧
  ts =
  [Tapp [] Tstring_num; Tapp [] Tint_num; Tapp [] Tint_num;
   Tapp [] Tword8array_num; Tapp [] Tint_num] ∧ t3 = Tapp [] Ttup_num ∨
  op = CopyAw8Str ∧
  ts = [Tapp [] Tword8array_num; Tapp [] Tint_num; Tapp [] Tint_num] ∧
  t3 = Tapp [] Tstring_num ∨
  op = CopyAw8Aw8 ∧
  ts =
  [Tapp [] Tword8array_num; Tapp [] Tint_num; Tapp [] Tint_num;
   Tapp [] Tword8array_num; Tapp [] Tint_num] ∧ t3 = Tapp [] Ttup_num ∨
  op = Implode ∧ ts = [Tapp [Tapp [] Tchar_num] Tlist_num] ∧
  t3 = Tapp [] Tstring_num ∨
  op = Explode ∧ ts = [Tapp [] Tstring_num] ∧
  t3 = Tapp [Tapp [] Tchar_num] Tlist_num ∨
  op = Strsub ∧ ts = [Tapp [] Tstring_num; Tapp [] Tint_num] ∧
  t3 = Tapp [] Tchar_num ∨
  op = Strlen ∧ ts = [Tapp [] Tstring_num] ∧ t3 = Tapp [] Tint_num ∨
  op = Strcat ∧ ts = [Tapp [Tapp [] Tstring_num] Tlist_num] ∧
  t3 = Tapp [] Tstring_num ∨
  (∃t1'²¹'.
     op = VfromList ∧ ts = [Tapp [t1'²¹'] Tlist_num] ∧
     t3 = Tapp [t1'²¹'] Tvector_num) ∨
  op = Vsub ∧ ts = [Tapp [t3] Tvector_num; Tapp [] Tint_num] ∨
  (∃t1'²³'.
     op = Vlength ∧ ts = [Tapp [t1'²³'] Tvector_num] ∧ t3 = Tapp [] Tint_num) ∨
  (∃t2'¹³'.
     op = Aalloc ∧ ts = [Tapp [] Tint_num; t2'¹³'] ∧
     t3 = Tapp [t2'¹³'] Tarray_num) ∨
  (∃t2.
     op = AallocEmpty ∧ ts = [Tapp [] Ttup_num] ∧ t3 = Tapp [t2] Tarray_num) ∨
  op = Asub ∧ ts = [Tapp [t3] Tarray_num; Tapp [] Tint_num] ∨
  (∃t1'²⁷'.
     op = Alength ∧ ts = [Tapp [t1'²⁷'] Tarray_num] ∧ t3 = Tapp [] Tint_num) ∨
  (∃t3'⁵'.
     op = Aupdate ∧ ts = [Tapp [t3'⁵'] Tarray_num; Tapp [] Tint_num; t3'⁵'] ∧
     t3 = Tapp [] Ttup_num) ∨
  (∃t1'³¹'.
     op = ListAppend ∧
     ts = [Tapp [t1'³¹'] Tlist_num; Tapp [t1'³¹'] Tlist_num] ∧
     t3 = Tapp [t1'³¹'] Tlist_num) ∨
  op = ConfigGC ∧ ts = [Tapp [] Tint_num; Tapp [] Tint_num] ∧
  t3 = Tapp [] Ttup_num ∨
  ∃n. op = FFI n ∧ ts = [Tapp [] Tstring_num; Tapp [] Tword8array_num] ∧
      t3 = Tapp [] Ttup_num
KERNEL_THEOREM typeSysProps.type_funs_Tfn
⊢ ∀tenv tenvE funs bindings tvs t n.
    type_funs tenv tenvE funs bindings ∧ ALOOKUP bindings n = SOME t ⇒
    ∃t1 t2. t = Tfn t1 t2 ∧ check_freevars (num_tvs tenvE) [] (Tfn t1 t2)
KERNEL_THEOREM typeSysProps.type_funs_tenv_exp_ok
⊢ ∀funs env tenv tenvE tvs bindings.
    num_tvs tenvE = 0 ∧
    type_funs tenv (bind_var_list 0 bindings (bind_tvar tvs tenvE)) funs env ⇒
    tenv_val_exp_ok (bind_var_list tvs env Empty)
KERNEL_THEOREM typeSysProps.type_funs_MAP_FST
⊢ ∀funs tenv tenvE env.
    type_funs tenv tenvE funs env ⇒ MAP FST funs = MAP FST env
KERNEL_THEOREM typeSysProps.type_funs_lookup
⊢ ∀fn tenvE funs bindings n e tenv.
    MEM (fn,n,e) funs ∧ type_funs tenv tenvE funs bindings ⇒
    ∃t. ALOOKUP bindings fn = SOME t
KERNEL_THEOREM typeSysProps.type_funs_find_recfun
⊢ ∀fn env funs bindings e tenv tenvE t.
    ALOOKUP bindings fn = SOME t ∧ type_funs tenv tenvE funs bindings ⇒
    ∃n e. find_recfun fn funs = SOME (n,e)
KERNEL_THEOREM typeSysProps.type_funs_distinct
⊢ ∀tenv tenvE funs bindings.
    type_funs tenv tenvE funs bindings ⇒
    ALL_DISTINCT (MAP (λ(x,y,z). x) funs)
KERNEL_THEOREM typeSysProps.type_es_list_rel
⊢ ∀es ts tenv tenvE.
    type_es tenv tenvE es ts ⇔ LIST_REL (type_e tenv tenvE) es ts
KERNEL_THEOREM typeSysProps.type_es_length
⊢ ∀tenv tenvE es ts. type_es tenv tenvE es ts ⇒ LENGTH es = LENGTH ts
KERNEL_THEOREM typeSysProps.type_e_subst_lem3
⊢ ∀tvs tvs2 t.
    check_freevars tvs tvs2 t ⇒
    ∀tvs' targs n.
      tvs = n + LENGTH targs ∧ EVERY (check_freevars tvs' tvs2) targs ⇒
      check_freevars (n + tvs') tvs2
        (deBruijn_subst n (MAP (deBruijn_inc 0 n) targs) t)
KERNEL_THEOREM typeSysProps.type_e_subst
⊢ (∀tenv tenvE e t.
     type_e tenv tenvE e t ⇒
     ∀tenvE1 targs tvs targs'.
       num_tvs tenvE2 = 0 ∧ tenv_abbrev_ok tenv.t ∧ tenv_ctor_ok tenv.c ∧
       tenv_val_ok tenv.v ∧ tenv_val_exp_ok tenvE ∧
       EVERY (check_freevars tvs []) targs ∧
       tenvE = db_merge tenvE1 (bind_tvar (LENGTH targs) tenvE2) ∧
       targs' = MAP (deBruijn_inc 0 (num_tvs tenvE1)) targs ⇒
       type_e tenv
         (db_merge (deBruijn_subst_tenvE targs tenvE1) (bind_tvar tvs tenvE2))
         e (deBruijn_subst (num_tvs tenvE1) targs' t)) ∧
  (∀tenv tenvE es ts.
     type_es tenv tenvE es ts ⇒
     ∀tenvE1 targs tvs targs'.
       num_tvs tenvE2 = 0 ∧ tenv_abbrev_ok tenv.t ∧ tenv_ctor_ok tenv.c ∧
       tenv_val_ok tenv.v ∧ tenv_val_exp_ok tenvE ∧
       EVERY (check_freevars tvs []) targs ∧
       tenvE = db_merge tenvE1 (bind_tvar (LENGTH targs) tenvE2) ∧
       targs' = MAP (deBruijn_inc 0 (num_tvs tenvE1)) targs ⇒
       type_es tenv
         (db_merge (deBruijn_subst_tenvE targs tenvE1) (bind_tvar tvs tenvE2))
         es (MAP (deBruijn_subst (num_tvs tenvE1) targs') ts)) ∧
  ∀tenv tenvE funs env.
    type_funs tenv tenvE funs env ⇒
    ∀tenvE1 targs tvs targs'.
      num_tvs tenvE2 = 0 ∧ tenv_abbrev_ok tenv.t ∧ tenv_ctor_ok tenv.c ∧
      tenv_val_ok tenv.v ∧ tenv_val_exp_ok tenvE ∧
      EVERY (check_freevars tvs []) targs ∧
      tenvE = db_merge tenvE1 (bind_tvar (LENGTH targs) tenvE2) ∧
      targs' = MAP (deBruijn_inc 0 (num_tvs tenvE1)) targs ⇒
      type_funs tenv
        (db_merge (deBruijn_subst_tenvE targs tenvE1) (bind_tvar tvs tenvE2))
        funs (MAP (λ(x,t). (x,deBruijn_subst (num_tvs tenvE1) targs' t)) env)
KERNEL_THEOREM typeSysProps.type_e_freevars
⊢ (∀tenv tenvE e t.
     type_e tenv tenvE e t ⇒
     tenv_val_exp_ok tenvE ∧ tenv_val_ok tenv.v ⇒
     check_freevars (num_tvs tenvE) [] t) ∧
  (∀tenv tenvE es ts.
     type_es tenv tenvE es ts ⇒
     tenv_val_exp_ok tenvE ∧ tenv_val_ok tenv.v ⇒
     EVERY (check_freevars (num_tvs tenvE) []) ts) ∧
  ∀tenv tenvE funs env.
    type_funs tenv tenvE funs env ⇒
    tenv_val_exp_ok tenvE ∧ tenv_val_ok tenv.v ⇒
    EVERY (check_freevars (num_tvs tenvE) []) (MAP SND env)
KERNEL_THEOREM typeSysProps.type_ds_sing
⊢ ∀check tenv d decls r.
    type_ds check tenv [d] decls r ⇔ type_d check tenv d decls r
KERNEL_THEOREM typeSysProps.type_ds_empty
⊢ ∀check tenv decls r.
    type_ds check tenv [] decls r ⇔
    decls = ∅ ∧ r = <|v := nsEmpty; c := nsEmpty; t := nsEmpty|>
KERNEL_THEOREM typeSysProps.type_def_to_ctMap_mem
⊢ ∀tenvT next tds tids.
    ALOOKUP (type_def_to_ctMap tenvT next tds tids) k = SOME x ∧
    LENGTH tds = LENGTH tids ⇒
    MEM (SND (SND x)) tids
KERNEL_THEOREM typeSysProps.type_def_to_ctMap_ind
⊢ ∀P. (∀tenvT next_stamp. P tenvT next_stamp [] []) ∧
      (∀tenvT next_stamp tvs tn ctors tds id ids.
         P tenvT (next_stamp + 1) tds ids ⇒
         P tenvT next_stamp ((tvs,tn,ctors)::tds) (id::ids)) ∧
      (∀v13 v12 v10 v11. P v13 v12 [] (v10::v11)) ∧
      (∀v19 v18 v16 v17. P v19 v18 (v16::v17) []) ⇒
      ∀v v1 v2 v3. P v v1 v2 v3
KERNEL_THEOREM typeSysProps.type_def_to_ctMap_def
⊢ (∀tenvT next_stamp. type_def_to_ctMap tenvT next_stamp [] [] = []) ∧
  ∀tvs tn tenvT tds next_stamp ids id ctors.
    type_def_to_ctMap tenvT next_stamp ((tvs,tn,ctors)::tds) (id::ids) =
    type_def_to_ctMap tenvT (next_stamp + 1) tds ids ++
    REVERSE
      (MAP
         (λ(cn,ts).
            (TypeStamp cn next_stamp,tvs,MAP (type_name_subst tenvT) ts,id))
         ctors)
KERNEL_THEOREM typeSysProps.type_d_tenv_ok_helper
⊢ (∀check tenv d tdecs tenv'.
     type_d check tenv d tdecs tenv' ⇒ tenv_ok tenv ⇒ tenv_ok tenv') ∧
  ∀check tenv d tdecs tenv'.
    type_ds check tenv d tdecs tenv' ⇒ tenv_ok tenv ⇒ tenv_ok tenv'
KERNEL_THEOREM typeSysProps.type_d_tenv_ok
⊢ ∀check tenv d tdecs tenv'.
    type_d check tenv d tdecs tenv' ∧ tenv_ok tenv ⇒
    tenv_ok (extend_dec_tenv tenv' tenv)
KERNEL_THEOREM typeSysProps.type_d_check_uniq
⊢ (∀check tenv d tdecs new_tenv.
     type_d check tenv d tdecs new_tenv ⇒ type_d F tenv d tdecs new_tenv) ∧
  ∀check tenv d tdecs new_tenv.
    type_ds check tenv d tdecs new_tenv ⇒ type_ds F tenv d tdecs new_tenv
KERNEL_THEOREM typeSysProps.type_ctor_long
⊢ ∀ctMap mn id. type_ctor ctMap (Long mn id) = type_ctor ctMap id
KERNEL_THEOREM typeSysProps.tveLookup_subst_some
⊢ ∀n e targs tvs t inc.
    tveLookup n inc e = SOME (tvs,t) ⇒
    tveLookup n inc (deBruijn_subst_tenvE targs e) =
    SOME
      (tvs,
       deBruijn_subst (tvs + inc + num_tvs e)
         (MAP (deBruijn_inc 0 (tvs + inc + num_tvs e)) targs) t)
KERNEL_THEOREM typeSysProps.tveLookup_subst_none
⊢ ∀n inc e.
    tveLookup n inc (deBruijn_subst_tenvE targs e) = NONE ⇔
    tveLookup n inc e = NONE
KERNEL_THEOREM typeSysProps.tveLookup_no_tvs
⊢ ∀tvs l tenv n t.
    tenv_val_exp_ok tenv ∧ num_tvs tenv = 0 ⇒
    (tveLookup n tvs tenv = SOME (l,t) ⇔ tveLookup n 0 tenv = SOME (l,t))
KERNEL_THEOREM typeSysProps.tveLookup_inc_some
⊢ ∀n inc e tvs t inc2.
    tveLookup n inc e = SOME (tvs,t) ⇒
    ∃t'.
      t = deBruijn_inc tvs inc t' ∧
      tveLookup n inc2 e = SOME (tvs,deBruijn_inc tvs inc2 t')
KERNEL_THEOREM typeSysProps.tveLookup_inc_none
⊢ ∀n inc e. tveLookup n inc e = NONE ⇔ tveLookup n 0 e = NONE
KERNEL_THEOREM typeSysProps.tveLookup_freevars_subst
⊢ ∀tenvE targs n t inc.
    EVERY (check_freevars (inc + num_tvs tenvE) []) targs ∧
    tveLookup n inc tenvE = SOME (LENGTH targs,t) ∧ tenv_val_exp_ok tenvE ⇒
    check_freevars (inc + num_tvs tenvE) [] (deBruijn_subst 0 targs t)
KERNEL_THEOREM typeSysProps.tveLookup_freevars
⊢ ∀n tvs tenvE tvs' t.
    tenv_val_exp_ok tenvE ∧ num_tvs tenvE = 0 ∧
    tveLookup n tvs tenvE = SOME (tvs',t) ⇒
    check_freevars tvs' [] t
KERNEL_THEOREM typeSysProps.tveLookup_db_merge_some
⊢ ∀n inc tenvE1 tenvE2 tvs t.
    tveLookup n inc (db_merge tenvE1 tenvE2) = SOME (tvs,t) ⇔
    tveLookup n inc tenvE1 = SOME (tvs,t) ∨
    tveLookup n inc tenvE1 = NONE ∧
    tveLookup n (num_tvs tenvE1 + inc) tenvE2 = SOME (tvs,t)
KERNEL_THEOREM typeSysProps.tveLookup_db_merge_none
⊢ ∀n inc e1 e2.
    tveLookup n inc (db_merge e1 e2) = NONE ⇔
    tveLookup n inc e1 = NONE ∧ tveLookup n (num_tvs e1 + inc) e2 = NONE
KERNEL_THEOREM typeSysProps.tveLookup_bvl
⊢ ∀x tvs tvs' bindings tenvE.
    tveLookup x tvs (bind_var_list tvs' bindings tenvE) =
    case ALOOKUP bindings x of
      NONE => tveLookup x tvs tenvE
    | SOME t => SOME (tvs',deBruijn_inc tvs' tvs t)
KERNEL_THEOREM typeSysProps.tveLookup_add_inc
⊢ ∀x inc tenv tvs t inc2.
    tveLookup x inc tenv = SOME (tvs,t) ⇒
    tveLookup x (inc2 + inc) tenv = SOME (tvs,deBruijn_inc tvs inc2 t)
KERNEL_THEOREM typeSysProps.tenv_val_ok_nsEmpty
⊢ tenv_val_ok nsEmpty
KERNEL_THEOREM typeSysProps.tenv_val_ok_add_tenvE
⊢ ∀tenvE tenvV.
    num_tvs tenvE = 0 ∧ tenv_val_exp_ok tenvE ∧ tenv_val_ok tenvV ⇒
    tenv_val_ok (add_tenvE tenvE tenvV)
KERNEL_THEOREM typeSysProps.tenv_val_exp_ok_db_merge
⊢ ∀e1 e2. tenv_val_exp_ok (db_merge e1 e2) ⇒ tenv_val_exp_ok e2
KERNEL_THEOREM typeSysProps.tenv_val_exp_ok_bvl_tvs
⊢ ∀funs tenv env tvs bindings tenvE.
    type_funs tenv (bind_var_list 0 bindings (bind_tvar tvs tenvE)) funs env ∧
    tenv_val_exp_ok tenvE ⇒
    tenv_val_exp_ok (bind_var_list tvs env tenvE)
KERNEL_THEOREM typeSysProps.tenv_val_exp_ok_bvl_funs
⊢ ∀funs env tenv bindings tenv_val tenvE.
    type_funs tenv (bind_var_list 0 bindings tenvE) funs env ∧
    tenv_val_exp_ok tenvE ⇒
    tenv_val_exp_ok (bind_var_list 0 env tenvE)
KERNEL_THEOREM typeSysProps.tenv_val_exp_ok_bvl
⊢ ∀tenvE env.
    tenv_val_exp_ok tenvE ∧
    EVERY (check_freevars (num_tvs tenvE) []) (MAP SND env) ⇒
    tenv_val_exp_ok (bind_var_list 0 env tenvE)
KERNEL_THEOREM typeSysProps.tenv_ok_empty
⊢ tenv_ok <|v := nsEmpty; c := nsEmpty; t := nsEmpty|>
KERNEL_THEOREM typeSysProps.tenv_ctor_ok_nsEmpty
⊢ tenv_ctor_ok nsEmpty
KERNEL_THEOREM typeSysProps.tenv_ctor_ok_merge
⊢ ∀tenvC1 tenvC2.
    tenv_ctor_ok tenvC1 ∧ tenv_ctor_ok tenvC2 ⇒
    tenv_ctor_ok (nsAppend tenvC1 tenvC2)
KERNEL_THEOREM typeSysProps.tenv_ctor_ok_lookup
⊢ ∀tenvC cn tvs ts tn.
    tenv_ctor_ok tenvC ∧ nsLookup tenvC cn = SOME (tvs,ts,tn) ⇒
    EVERY (check_freevars 0 tvs) ts
KERNEL_THEOREM typeSysProps.tenv_abbrev_ok_nsEmpty
⊢ tenv_abbrev_ok nsEmpty
KERNEL_THEOREM typeSysProps.tenv_abbrev_ok_merge
⊢ ∀tenvT1 tenvT2.
    tenv_abbrev_ok tenvT1 ∧ tenv_abbrev_ok tenvT2 ⇒
    tenv_abbrev_ok (nsAppend tenvT1 tenvT2)
KERNEL_THEOREM typeSysProps.tenv_abbrev_ok_lookup
⊢ ∀tenvT tn tvs t.
    tenv_abbrev_ok tenvT ∧ nsLookup tenvT tn = SOME (tvs,t) ⇒
    check_freevars 0 tvs t
KERNEL_THEOREM typeSysProps.subst_inc_cancel
⊢ (∀t ts inc.
     deBruijn_subst 0 ts (deBruijn_inc 0 (inc + LENGTH ts) t) =
     deBruijn_inc 0 inc t) ∧
  ∀ts' ts inc.
    MAP (deBruijn_subst 0 ts) (MAP (deBruijn_inc 0 (inc + LENGTH ts)) ts') =
    MAP (deBruijn_inc 0 inc) ts'
KERNEL_THEOREM typeSysProps.num_tvs_deBruijn_subst_tenvE
⊢ ∀targs tenvE. num_tvs (deBruijn_subst_tenvE targs tenvE) = num_tvs tenvE
KERNEL_THEOREM typeSysProps.num_tvs_db_merge
⊢ ∀e1 e2. num_tvs (db_merge e1 e2) = num_tvs e1 + num_tvs e2
KERNEL_THEOREM typeSysProps.num_tvs_bind_var_list
⊢ ∀tvs env tenvE. num_tvs (bind_var_list tvs env tenvE) = num_tvs tenvE
KERNEL_THEOREM typeSysProps.nsMap_build_ctor_tenv
⊢ ∀ga g h tenvT tds ids.
    LENGTH tds = LENGTH ids ∧
    (∀x. MEM x (MAP SND (FLAT (MAP (SND ∘ SND) tds))) ⇒
         MAP (type_name_subst tenvT) (ga x) =
         g (MAP (type_name_subst tenvT) x)) ⇒
    nsMap (λ(tvs,ts,tid). (tvs,g ts,h tid)) (build_ctor_tenv tenvT tds ids) =
    build_ctor_tenv tenvT (MAP (I ## I ## MAP (I ## ga)) tds) (MAP h ids)
KERNEL_THEOREM typeSysProps.nsLookup_add_tenvE3
⊢ ∀tenvE tenvV n t tvs2 mn.
    nsLookup tenvV (Long mn n) = SOME (tvs2,t) ⇒
    nsLookup (add_tenvE tenvE tenvV) (Long mn n) = SOME (tvs2,t)
KERNEL_THEOREM typeSysProps.nsLookup_add_tenvE2
⊢ ∀tenvE tenvV n tvs t tvs2.
    tveLookup n tvs tenvE = NONE ∧ nsLookup tenvV (Short n) = SOME (tvs2,t) ⇒
    nsLookup (add_tenvE tenvE tenvV) (Short n) = SOME (tvs2,t)
KERNEL_THEOREM typeSysProps.nsLookup_add_tenvE1
⊢ ∀tenvE tenvV n tvs t tvs2.
    check_freevars tvs2 [] t ∧ tveLookup n tvs tenvE = SOME (tvs2,t) ⇒
    nsLookup (add_tenvE tenvE tenvV) (Short n) = SOME (tvs2,t)
KERNEL_THEOREM typeSysProps.nil_deBruijn_subst
⊢ ∀skip tvs t. check_freevars skip [] t ⇒ deBruijn_subst skip tvs t = t
KERNEL_THEOREM typeSysProps.nil_deBruijn_inc
⊢ ∀skip tvs t.
    check_freevars skip [] t ∨
    check_freevars skip [] (deBruijn_inc skip tvs t) ⇒
    deBruijn_inc skip tvs t = t
KERNEL_THEOREM typeSysProps.mem_type_def_to_ctMap
⊢ ∀tenvT next tds ids stamp x.
    MEM (stamp,x) (type_def_to_ctMap tenvT next tds ids) ∧
    LENGTH tds = LENGTH ids ⇒
    ∃cn i. stamp = TypeStamp cn i ∧ next ≤ i ∧ i < next + LENGTH tds
KERNEL_THEOREM typeSysProps.extend_dec_tenv_ok
⊢ ∀tenv tenv'.
    tenv_ok tenv ∧ tenv_ok tenv' ⇒ tenv_ok (extend_dec_tenv tenv tenv')
KERNEL_THEOREM typeSysProps.extend_dec_tenv_assoc
⊢ ∀tenv1 tenv2 tenv3.
    extend_dec_tenv tenv1 (extend_dec_tenv tenv2 tenv3) =
    extend_dec_tenv (extend_dec_tenv tenv1 tenv2) tenv3
KERNEL_THEOREM typeSysProps.deBruijn_subst_id
⊢ (∀t n.
     check_freevars n [] t ⇒
     deBruijn_subst 0 (MAP Tvar_db (COUNT_LIST n)) t = t) ∧
  ∀ts n.
    EVERY (check_freevars n []) ts ⇒
    MAP (deBruijn_subst 0 (MAP Tvar_db (COUNT_LIST n))) ts = ts
KERNEL_THEOREM typeSysProps.deBruijn_subst_freevars
⊢ ∀skip targs t tvs.
    skip = 0 ∧ EVERY (check_freevars tvs []) targs ∧
    check_freevars (LENGTH targs) [] t ⇒
    check_freevars tvs [] (deBruijn_subst skip targs t)
KERNEL_THEOREM typeSysProps.deBruijn_subst_E_bvl
⊢ ∀tenv1 tenv2 tvs.
    deBruijn_subst_tenvE targs (bind_var_list tvs tenv1 tenv2) =
    bind_var_list tvs
      (MAP
         (λ(x,t).
            (x,
             deBruijn_subst (tvs + num_tvs tenv2)
               (MAP (deBruijn_inc 0 (tvs + num_tvs tenv2)) targs) t)) tenv1)
      (deBruijn_subst_tenvE targs tenv2)
KERNEL_THEOREM typeSysProps.deBruijn_subst_check_freevars2
⊢ ∀tvs tvs' t ts n tvs''.
    check_freevars (LENGTH ts) tvs' t ∧ EVERY (check_freevars tvs tvs') ts ⇒
    check_freevars tvs tvs' (deBruijn_subst 0 ts t)
KERNEL_THEOREM typeSysProps.deBruijn_subst_check_freevars
⊢ ∀tvs tvs' t ts n.
    check_freevars tvs tvs' t ∧ EVERY (check_freevars tvs tvs') ts ⇒
    check_freevars tvs tvs' (deBruijn_subst 0 ts t)
KERNEL_THEOREM typeSysProps.deBruijn_subst2
⊢ (∀t sk targs targs' tvs'.
     check_freevars (LENGTH targs) [] t ⇒
     deBruijn_subst sk (MAP (deBruijn_inc 0 sk) targs')
       (deBruijn_subst 0 targs t) =
     deBruijn_subst 0
       (MAP (deBruijn_subst sk (MAP (deBruijn_inc 0 sk) targs')) targs) t) ∧
  ∀ts sk targs targs' tvs'.
    EVERY (check_freevars (LENGTH targs) []) ts ⇒
    MAP (deBruijn_subst sk (MAP (deBruijn_inc 0 sk) targs'))
      (MAP (deBruijn_subst 0 targs) ts) =
    MAP
      (deBruijn_subst 0
         (MAP (deBruijn_subst sk (MAP (deBruijn_inc 0 sk) targs')) targs)) ts
KERNEL_THEOREM typeSysProps.deBruijn_inc_deBruijn_inc
⊢ ∀sk i2 t i1.
    deBruijn_inc sk i1 (deBruijn_inc sk i2 t) = deBruijn_inc sk (i1 + i2) t
KERNEL_THEOREM typeSysProps.deBruijn_inc0
⊢ (∀t sk. deBruijn_inc sk 0 t = t) ∧ ∀ts sk. MAP (deBruijn_inc sk 0) ts = ts
KERNEL_THEOREM typeSysProps.db_merge_bvl
⊢ ∀tenv1 tenv2 tenv3 tvs.
    db_merge (bind_var_list tvs tenv1 tenv2) tenv3 =
    bind_var_list tvs tenv1 (db_merge tenv2 tenv3)
KERNEL_THEOREM typeSysProps.ctMap_ok_type_defs
⊢ ∀tenvT next tds tids.
    ALL_DISTINCT tids ∧ DISJOINT (set tids) (set prim_type_nums) ∧
    LENGTH tds = LENGTH tids ∧ check_ctor_tenv tenvT tds ∧
    tenv_abbrev_ok tenvT ⇒
    ctMap_ok (FEMPTY |++ REVERSE (type_def_to_ctMap tenvT next tds tids))
KERNEL_THEOREM typeSysProps.ctMap_ok_merge_imp
⊢ ∀ctMap1 ctMap2.
    DISJOINT (FRANGE ((SND ∘ SND) o_f ctMap1))
      (FRANGE ((SND ∘ SND) o_f ctMap2)) ∧ ctMap_ok ctMap1 ∧ ctMap_ok ctMap2 ⇒
    ctMap_ok (ctMap1 ⊌ ctMap2)
KERNEL_THEOREM typeSysProps.ctMap_ok_lookup
⊢ ∀ctMap cn tvs ts ti tn.
    ctMap_ok ctMap ∧ FLOOKUP ctMap tn = SOME (tvs,ts,ti) ⇒
    EVERY (check_freevars 0 tvs) ts
KERNEL_THEOREM typeSysProps.check_freevars_type_name_subst
⊢ ∀tvs t dbmax tenvT.
    tenv_abbrev_ok tenvT ∧ check_type_names tenvT t ∧
    check_freevars_ast tvs t ⇒
    check_freevars dbmax tvs (type_name_subst tenvT t)
KERNEL_THEOREM typeSysProps.check_freevars_subst_single
⊢ ∀dbmax tvs t tvs' ts.
    LENGTH tvs = LENGTH ts ∧ check_freevars dbmax tvs t ∧
    EVERY (check_freevars dbmax tvs') ts ⇒
    check_freevars dbmax tvs' (type_subst (alist_to_fmap (ZIP (tvs,ts))) t)
KERNEL_THEOREM typeSysProps.check_freevars_subst_list
⊢ ∀dbmax tvs tvs' ts ts'.
    LENGTH tvs = LENGTH ts ∧ EVERY (check_freevars dbmax tvs) ts' ∧
    EVERY (check_freevars dbmax tvs') ts ⇒
    EVERY (check_freevars dbmax tvs')
      (MAP (type_subst (alist_to_fmap (ZIP (tvs,ts)))) ts')
KERNEL_THEOREM typeSysProps.check_freevars_subst_inc
⊢ ∀tvs tvs2 t.
    check_freevars tvs tvs2 t ⇒
    ∀tvs' targs tvs1.
      tvs = LENGTH targs + tvs' ∧
      EVERY (check_freevars (tvs1 + tvs') tvs2) targs ⇒
      check_freevars (tvs1 + tvs') tvs2
        (deBruijn_subst 0 targs (deBruijn_inc (LENGTH targs) tvs1 t))
KERNEL_THEOREM typeSysProps.check_freevars_subst
⊢ ∀tvs tvs2 t.
    check_freevars tvs tvs2 t ⇒
    ∀tvs' targs tvs1.
      tvs = LENGTH targs + tvs' ∧
      EVERY (check_freevars (tvs1 + tvs') tvs2) targs ⇒
      check_freevars (tvs1 + tvs') tvs2 (deBruijn_subst 0 targs t)
KERNEL_THEOREM typeSysProps.check_freevars_add
⊢ ∀tvs tvs' t.
    check_freevars tvs tvs' t ⇒
    ∀tvs''. tvs'' ≥ tvs ⇒ check_freevars tvs'' tvs' t
KERNEL_THEOREM typeSysProps.check_ctor_tenv_ok
⊢ ∀tenvT tds tis.
    LENGTH tds = LENGTH tis ∧ check_ctor_tenv tenvT tds ∧
    tenv_abbrev_ok tenvT ⇒
    tenv_ctor_ok (build_ctor_tenv tenvT tds tis)
KERNEL_THEOREM typeSysProps.check_ctor_tenv_EVERY
⊢ ∀tenvT tds.
    check_ctor_tenv tenvT tds ⇔
    EVERY check_dup_ctors tds ∧ EVERY (ALL_DISTINCT ∘ FST) tds ∧
    EVERY
      (λ(tvs,tn,ctors).
         EVERY
           (λ(cn,ts).
              EVERY (check_freevars_ast tvs) ts ∧
              EVERY (check_type_names tenvT) ts) ctors) tds ∧
    ALL_DISTINCT (MAP (FST ∘ SND) tds)
KERNEL_THEOREM typeSysProps.check_ctor_tenv_change_tenvT
⊢ ∀tenvT1 env tenvT2.
    EVERY
      (λ(cn,ts).
         EVERY (check_type_names tenvT1) ts ⇒
         EVERY (check_type_names tenvT2) ts) (FLAT (MAP (SND ∘ SND) env)) ∧
    check_ctor_tenv tenvT1 env ⇒
    check_ctor_tenv tenvT2 env
KERNEL_THEOREM typeSysProps.bind_var_list_append
⊢ ∀n te1 te2 te3.
    bind_var_list n (te1 ++ te2) te3 =
    bind_var_list n te1 (bind_var_list n te2 te3)
KERNEL_THEOREM typeSysProps.bind_tvar_rewrites
⊢ (∀tvs e1 e2.
     db_merge (bind_tvar tvs e1) e2 = bind_tvar tvs (db_merge e1 e2)) ∧
  (∀tvs e. num_tvs (bind_tvar tvs e) = tvs + num_tvs e) ∧
  (∀tvs e. num_tvs (Bind_tvar tvs e) = tvs + num_tvs e) ∧
  (∀tvs n t e. num_tvs (Bind_name n tvs t e) = num_tvs e) ∧
  (∀tvs e. num_tvs Empty = 0) ∧
  (∀n inc tvs e.
     tveLookup n inc (bind_tvar tvs e) = tveLookup n (inc + tvs) e) ∧
  (∀tvs e. tenv_val_exp_ok (bind_tvar tvs e) ⇔ tenv_val_exp_ok e) ∧
  ∀targs tvs e.
    deBruijn_subst_tenvE targs (bind_tvar tvs e) =
    bind_tvar tvs (deBruijn_subst_tenvE targs e)
KERNEL_THEOREM typeSysProps.bind_tvar0
⊢ ∀x. bind_tvar 0 x = x
KERNEL_THEOREM typeSysProps.add_tenvE_nsAppend
⊢ ∀tenvE tenvV.
    nsAppend (add_tenvE tenvE nsEmpty) tenvV = add_tenvE tenvE tenvV
KERNEL_THEOREM typeSysProps.add_tenvE_bvl
⊢ ∀n bindings tenvE tenvV.
    add_tenvE (bind_var_list n bindings tenvE) tenvV =
    nsBindList (MAP (λ(x,t). (x,n,t)) bindings) (add_tenvE tenvE tenvV)
EXPORTS_INSPECTED typeSysProps 96
